/* istanbul ignore file */
import { z } from 'zod';

export const CategoryWithRefIdsAllowedSchemaZod = z
  .object({
    id: z.number().optional(),
    name: z.string().optional(),
  })
  .describe(`Model:Category`);
export const CategoryWithRefIdsAllowedSchemaZodNoPrimaryKey =
  CategoryWithRefIdsAllowedSchemaZod.omit({ id: true });
