import {
  ApiResponseSchemaZod,
  ApiResponseSchemaZodNoPrimaryKey,
} from './ApiResponseSchemaZod';
import {
  CategorySchemaZod,
  CategorySchemaZodNoPrimaryKey,
} from './CategorySchemaZod';
import { OrderSchemaZod, OrderSchemaZodNoPrimaryKey } from './OrderSchemaZod';
import { PetSchemaZod, PetSchemaZodNoPrimaryKey } from './PetSchemaZod';
import { TagSchemaZod, TagSchemaZodNoPrimaryKey } from './TagSchemaZod';
import { UserSchemaZod, UserSchemaZodNoPrimaryKey } from './UserSchemaZod';

export const entityNameToSchemaZod = {
  ApiResponse: ApiResponseSchemaZod,
  Category: CategorySchemaZod,
  Order: OrderSchemaZod,
  Pet: PetSchemaZod,
  Tag: TagSchemaZod,
  User: UserSchemaZod,
};

export const entityNameToSchemaZodNoPrimaryKey = {
  ApiResponse: ApiResponseSchemaZodNoPrimaryKey,
  Category: CategorySchemaZodNoPrimaryKey,
  Order: OrderSchemaZodNoPrimaryKey,
  Pet: PetSchemaZodNoPrimaryKey,
  Tag: TagSchemaZodNoPrimaryKey,
  User: UserSchemaZodNoPrimaryKey,
};
