/* istanbul ignore file */
import { z } from 'zod';

import { Order } from '../../common/models';

export const OrderSchemaZod = z
  .object({
    id: z.number().optional(),
    petId: z.number().optional(),
    quantity: z.number().optional(),
    shipDate: z.string().datetime().optional(),
    status: z.nativeEnum(Order.status).optional(),
    complete: z.boolean().optional(),
  })
  .describe(`Model:Order`);
