/* istanbul ignore file */
import { faker as fakerDefault } from '@faker-js/faker';

import type { MockFakerJSGeneratorParams } from './typesMockFakerJs';

export const getArrayWithStringsMockFakerJs = (
  params: MockFakerJSGeneratorParams
) => {
  const { faker = fakerDefault } = params;

  return faker.helpers.arrayElements([
    faker.string.alpha({ length: { min: 2, max: 10 } }),
  ]);
};
