/* istanbul ignore file */
import { faker as fakerDefault } from '@faker-js/faker';

import { ArrayWithArray } from '../../common/models';
import { getModelWithStringMockFakerJs } from './ModelWithStringMockFakerJs';
import { abstractGenerateFn, createCallStack } from './helpersMockFakerJs';
import type {
  MockFakerJSGeneratorParams,
  MockFakerJSGeneratorParamsMode,
  ModelOrIdNullable,
} from './typesMockFakerJs';

export function getArrayWithArrayMockFakerJs<
  TMode extends 'standalone' = 'standalone',
>(params?: MockFakerJSGeneratorParams<TMode>): ArrayWithArray | null {
  const modelName = 'ArrayWithArray';

  const {
    faker = fakerDefault,
    fakerParams: { probability } = {},
    mode = 'standalone',
    callStack = createCallStack(),
  } = params ?? {};

  const callCount = callStack.entriesCallCount.get(modelName) ?? 0;
  if (callCount > 10) return null;

  const result: ArrayWithArray = faker.helpers.arrayElements([
    faker.helpers.arrayElements(
      [
        // eslint-disable-next-line @typescript-eslint/no-explicit-any
        getModelWithStringMockFakerJs<any>({
          ...params,
          callStack: createCallStack(callStack, modelName),
        }),
      ]
        // eslint-disable-next-line @typescript-eslint/no-explicit-any
        .filter(Boolean) as any,
    ),
  ]);

  return result;
}
