/* istanbul ignore file */
import { faker as fakerDefault } from '@faker-js/faker';

import { ArrayWithStrings } from '../../common/models';
import { abstractGenerateFn, createCallStack } from './helpersMockFakerJs';
import type {
  MockFakerJSGeneratorParams,
  MockFakerJSGeneratorParamsMode,
  ModelOrIdNullable,
} from './typesMockFakerJs';

export function getArrayWithStringsMockFakerJs<
  TMode extends 'standalone' = 'standalone'
>(params?: MockFakerJSGeneratorParams<TMode>): ArrayWithStrings | null {
  const modelName = 'ArrayWithStrings';

  const {
    faker = fakerDefault,
    fakerParams: { probability } = {},
    mode = 'standalone',
    callStack = createCallStack(),
  } = params ?? {};

  const callCount = callStack.entriesCallCount.get(modelName) ?? 0;
  if (callCount > 10) return null;

  const result: ArrayWithStrings = faker.helpers.arrayElements([
    faker.string.alpha({ length: { min: 2, max: 10 } }),
  ]);

  return result;
}
