/* istanbul ignore file */
import { faker as fakerDefault } from '@faker-js/faker';

import { ArrayWithBooleans } from '../../common/models';
import { abstractGenerateFn, createCallStack } from './helpersMockFakerJs';
import type {
  MockFakerJSGeneratorParams,
  MockFakerJSGeneratorParamsMode,
  ModelOrIdNullable,
} from './typesMockFakerJs';

export function getArrayWithBooleansMockFakerJs<
  TMode extends 'standalone' = 'standalone',
>(params?: MockFakerJSGeneratorParams<TMode>): ArrayWithBooleans | null {
  const modelName = 'ArrayWithBooleans';

  const {
    faker = fakerDefault,
    fakerParams: { probability } = {},
    mode = 'standalone',
    callStack = createCallStack(),
  } = params ?? {};

  const callCount = callStack.entriesCallCount.get(modelName) ?? 0;
  if (callCount > 10) return null;

  const result: ArrayWithBooleans = faker.helpers.arrayElements([
    faker.datatype.boolean(),
  ]);

  return result;
}
