/* istanbul ignore file */
import { faker as fakerDefault } from '@faker-js/faker';

import { CommentWithBreaks } from '../../common/models';
import { abstractGenerateFn, createCallStack } from './helpersMockFakerJs';
import type {
  MockFakerJSGeneratorParams,
  MockFakerJSGeneratorParamsMode,
  ModelOrIdNullable,
} from './typesMockFakerJs';

export function getCommentWithBreaksMockFakerJs<
  TMode extends 'standalone' = 'standalone'
>(params?: MockFakerJSGeneratorParams<TMode>): CommentWithBreaks | null {
  const modelName = 'CommentWithBreaks';

  const {
    faker = fakerDefault,
    fakerParams: { probability } = {},
    mode = 'standalone',
    callStack = createCallStack(),
  } = params ?? {};

  const callCount = callStack.entriesCallCount.get(modelName) ?? 0;
  if (callCount > 10) return null;

  const result: CommentWithBreaks = faker.number.int();
  return result;
}
