/* istanbul ignore file */
import { faker as fakerDefault } from '@faker-js/faker';

import { CommentWithBackticks } from '../../common/models';
import { abstractGenerateFn, createCallStack } from './helpersMockFakerJs';
import type {
  MockFakerJSGeneratorParams,
  MockFakerJSGeneratorParamsMode,
  ModelOrIdNullable,
} from './typesMockFakerJs';

export function getCommentWithBackticksMockFakerJs<
  TMode extends 'standalone' = 'standalone'
>(params?: MockFakerJSGeneratorParams<TMode>): CommentWithBackticks | null {
  const modelName = 'CommentWithBackticks';

  const {
    faker = fakerDefault,
    fakerParams: { probability } = {},
    mode = 'standalone',
    callStack = createCallStack(),
  } = params ?? {};

  const callCount = callStack.entriesCallCount.get(modelName) ?? 0;
  if (callCount > 10) return null;

  const result: CommentWithBackticks = faker.number.int();
  return result;
}
