/* istanbul ignore file */
import { faker as fakerDefault } from '@faker-js/faker';

import type { MockFakerJSGeneratorParams } from './typesMockFakerJs';

export const getCommentWithBreaksMockFakerJs = (
  params?: MockFakerJSGeneratorParams
) => {
  const { faker = fakerDefault } = params ?? {};

  return faker.number.int();
};
