/* istanbul ignore file */
import { faker as fakerDefault } from '@faker-js/faker';

import { CommentWithExpressionPlaceholders } from '../../common/models';
import { abstractGenerateFn, createCallStack } from './helpersMockFakerJs';
import type {
  MockFakerJSGeneratorParams,
  MockFakerJSGeneratorParamsMode,
  ModelOrIdNullable,
} from './typesMockFakerJs';

export function getCommentWithExpressionPlaceholdersMockFakerJs<
  TMode extends 'standalone' = 'standalone',
>(
  params?: MockFakerJSGeneratorParams<TMode>,
): CommentWithExpressionPlaceholders | null {
  const modelName = 'CommentWithExpressionPlaceholders';

  const {
    faker = fakerDefault,
    fakerParams: { probability } = {},
    mode = 'standalone',
    callStack = createCallStack(),
  } = params ?? {};

  const callCount = callStack.entriesCallCount.get(modelName) ?? 0;
  if (callCount > 10) return null;

  const result: CommentWithExpressionPlaceholders = faker.number.int();
  return result;
}
