/* istanbul ignore file */
import { faker as fakerDefault } from '@faker-js/faker';

import type { MockFakerJSGeneratorParams } from './typesMockFakerJs';

export const getCompositionWithOneOfAndComplexArrayDictionaryMockFakerJs = (
  params: MockFakerJSGeneratorParams
) => {
  const { faker = fakerDefault } = params;

  return {
    propA: faker.helpers.maybe(() =>
      faker.helpers.arrayElement([
        faker.datatype.boolean(),
        {
          [faker.string.alpha({
            length: {
              min: 2,
              max: 10,
            },
          })]: faker.helpers.maybe(() =>
            faker.helpers.arrayElements([
              faker.helpers.arrayElement([
                faker.number.int(),
                faker.string.alpha({ length: { min: 2, max: 10 } }),
              ]),
            ])
          ),
        },
      ])
    ),
  };
};
