/* istanbul ignore file */
import { faker as fakerDefault } from '@faker-js/faker';

import { CompositionWithAnyOfAnonymous } from '../../common/models';
import { abstractGenerateFn, createCallStack } from './helpersMockFakerJs';
import type {
  MockFakerJSGeneratorParams,
  MockFakerJSGeneratorParamsMode,
  ModelOrIdNullable,
} from './typesMockFakerJs';

export function getCompositionWithAnyOfAnonymousMockFakerJs<
  TMode extends 'withReferences'
>(
  params?: MockFakerJSGeneratorParams<TMode>
): ModelOrIdNullable<CompositionWithAnyOfAnonymous> | null;

export function getCompositionWithAnyOfAnonymousMockFakerJs<
  TMode extends 'standalone'
>(
  params?: MockFakerJSGeneratorParams<TMode>
): CompositionWithAnyOfAnonymous | null;

export function getCompositionWithAnyOfAnonymousMockFakerJs<
  TMode extends 'primaryKey'
>(params?: MockFakerJSGeneratorParams<TMode>): number | null;

export function getCompositionWithAnyOfAnonymousMockFakerJs<
  TMode extends MockFakerJSGeneratorParamsMode = 'withReferences'
>(
  params: MockFakerJSGeneratorParams<TMode> = {}
): ModelOrIdNullable<CompositionWithAnyOfAnonymous> | null {
  const modelName = 'CompositionWithAnyOfAnonymous';

  const { faker = fakerDefault, fakerParams: { probability } = {} } = params;

  return abstractGenerateFn<CompositionWithAnyOfAnonymous, TMode>(
    modelName,
    params,
    (callStack) => ({
      propA: faker.helpers.maybe(
        () =>
          faker.helpers.arrayElement([
            {
              propA: faker.helpers.maybe(
                () => faker.string.alpha({ length: { min: 2, max: 10 } }),
                {
                  probability,
                }
              ),
            },
            faker.string.alpha({ length: { min: 2, max: 10 } }),
            faker.number.int(),
          ]),
        {
          probability,
        }
      ),
    })
  );
}
