/* istanbul ignore file */
import { faker as fakerDefault } from '@faker-js/faker';

import { getCompositionBaseModelMockFakerJs } from './CompositionBaseModelMockFakerJs';
import type { MockFakerJSGeneratorParams } from './typesMockFakerJs';

export const getCompositionExtendedModelMockFakerJs = (
  params: MockFakerJSGeneratorParams
) => {
  const { faker = fakerDefault } = params;

  return {
    ...getCompositionBaseModelMockFakerJs(params),
    ...{
      firstName: faker.person.firstName(),
      lastname: faker.person.lastName(),
      age: faker.number.int(),
    },
  };
};
