/* istanbul ignore file */
import { faker as fakerDefault } from '@faker-js/faker';

import { CompositionWithAllOfAndNullable } from '../../common/models';
import { getModelWithArrayMockFakerJs } from './ModelWithArrayMockFakerJs';
import { getModelWithDictionaryMockFakerJs } from './ModelWithDictionaryMockFakerJs';
import { getModelWithEnumMockFakerJs } from './ModelWithEnumMockFakerJs';
import { abstractGenerateFn, createCallStack } from './helpersMockFakerJs';
import type {
  MockFakerJSGeneratorParams,
  MockFakerJSGeneratorParamsMode,
  ModelOrIdNullable,
} from './typesMockFakerJs';

export function getCompositionWithAllOfAndNullableMockFakerJs<
  TMode extends 'withReferences'
>(
  params?: MockFakerJSGeneratorParams<TMode>
):
  | ModelOrIdNullable<CompositionWithAllOfAndNullable>
  | null
  | CompositionWithAllOfAndNullable['id'];

export function getCompositionWithAllOfAndNullableMockFakerJs<
  TMode extends 'standalone'
>(
  params?: MockFakerJSGeneratorParams<TMode>
): CompositionWithAllOfAndNullable | null;

export function getCompositionWithAllOfAndNullableMockFakerJs<
  TMode extends MockFakerJSGeneratorParamsMode = 'withReferences'
>(
  params: MockFakerJSGeneratorParams<TMode> = {}
):
  | ModelOrIdNullable<CompositionWithAllOfAndNullable>
  | null
  | CompositionWithAllOfAndNullable['id'] {
  const modelName = 'CompositionWithAllOfAndNullable';

  const { faker = fakerDefault, fakerParams: { probability } = {} } = params;

  return abstractGenerateFn<CompositionWithAllOfAndNullable, TMode>(
    modelName,
    params,
    (callStack) => ({
      propA: faker.helpers.maybe(
        () =>
          faker.helpers.arrayElement([
            {
              ...{
                boolean: faker.helpers.maybe(() => faker.datatype.boolean(), {
                  probability,
                }),
              },
              ...// eslint-disable-next-line @typescript-eslint/no-explicit-any
              getModelWithEnumMockFakerJs<any>({
                ...params,
                callStack: createCallStack(callStack, modelName),
              }),
              ...// eslint-disable-next-line @typescript-eslint/no-explicit-any
              getModelWithArrayMockFakerJs<any>({
                ...params,
                callStack: createCallStack(callStack, modelName),
              }),
              ...// eslint-disable-next-line @typescript-eslint/no-explicit-any
              getModelWithDictionaryMockFakerJs<any>({
                ...params,
                callStack: createCallStack(callStack, modelName),
              }),
            },
            null,
          ]),
        {
          probability,
        }
      ),
    })
  );
}
