/* istanbul ignore file */
import { faker as fakerDefault } from '@faker-js/faker';

import { CompositionExtendedModel } from '../../common/models';
import { getCompositionBaseModelMockFakerJs } from './CompositionBaseModelMockFakerJs';
import { abstractGenerateFn, createCallStack } from './helpersMockFakerJs';
import type {
  MockFakerJSGeneratorParams,
  MockFakerJSGeneratorParamsMode,
  ModelOrIdNullable,
} from './typesMockFakerJs';

export function getCompositionExtendedModelMockFakerJs<
  TMode extends 'standalone' = 'standalone'
>(params?: MockFakerJSGeneratorParams<TMode>): CompositionExtendedModel | null {
  const modelName = 'CompositionExtendedModel';

  const {
    faker = fakerDefault,
    fakerParams: { probability } = {},
    mode = 'standalone',
    callStack = createCallStack(),
  } = params ?? {};

  const callCount = callStack.entriesCallCount.get(modelName) ?? 0;
  if (callCount > 10) return null;

  const result: CompositionExtendedModel = {
    ...// eslint-disable-next-line @typescript-eslint/no-explicit-any
    getCompositionBaseModelMockFakerJs<any>({
      ...params,
      callStack: createCallStack(callStack, modelName),
    }),
    ...{
      firstName: faker.person.firstName(),
      lastname: faker.person.lastName(),
      age: faker.number.int(),
    },
  };

  return result;
}
