/* istanbul ignore file */
import { faker as fakerDefault } from '@faker-js/faker';

import { CompositionWithOneOf } from '../../common/models';
import { getModelWithArrayMockFakerJs } from './ModelWithArrayMockFakerJs';
import { getModelWithDictionaryMockFakerJs } from './ModelWithDictionaryMockFakerJs';
import { getModelWithEnumMockFakerJs } from './ModelWithEnumMockFakerJs';
import { getModelWithStringMockFakerJs } from './ModelWithStringMockFakerJs';
import { abstractGenerateFn, createCallStack } from './helpersMockFakerJs';
import type {
  MockFakerJSGeneratorParams,
  MockFakerJSGeneratorParamsMode,
  ModelOrIdNullable,
} from './typesMockFakerJs';

export function getCompositionWithOneOfMockFakerJs<
  TMode extends 'withReferences'
>(
  params?: MockFakerJSGeneratorParams<TMode>
): ModelOrIdNullable<CompositionWithOneOf> | null;

export function getCompositionWithOneOfMockFakerJs<TMode extends 'standalone'>(
  params?: MockFakerJSGeneratorParams<TMode>
): CompositionWithOneOf | null;

export function getCompositionWithOneOfMockFakerJs<TMode extends 'primaryKey'>(
  params?: MockFakerJSGeneratorParams<TMode>
): number | null;

export function getCompositionWithOneOfMockFakerJs<
  TMode extends MockFakerJSGeneratorParamsMode = 'withReferences'
>(
  params: MockFakerJSGeneratorParams<TMode> = {}
): ModelOrIdNullable<CompositionWithOneOf> | null {
  const modelName = 'CompositionWithOneOf';

  const { faker = fakerDefault, fakerParams: { probability } = {} } = params;

  return abstractGenerateFn<CompositionWithOneOf, TMode>(
    modelName,
    params,
    (callStack) => ({
      propA: faker.helpers.maybe(
        () =>
          faker.helpers.arrayElement([
            // eslint-disable-next-line @typescript-eslint/no-explicit-any
            getModelWithStringMockFakerJs<any>({
              ...params,
              callStack: createCallStack(callStack, modelName),
            }), // eslint-disable-next-line @typescript-eslint/no-explicit-any
            getModelWithEnumMockFakerJs<any>({
              ...params,
              callStack: createCallStack(callStack, modelName),
            }), // eslint-disable-next-line @typescript-eslint/no-explicit-any
            getModelWithArrayMockFakerJs<any>({
              ...params,
              callStack: createCallStack(callStack, modelName),
            }), // eslint-disable-next-line @typescript-eslint/no-explicit-any
            getModelWithDictionaryMockFakerJs<any>({
              ...params,
              callStack: createCallStack(callStack, modelName),
            }),
          ]),
        {
          probability,
        }
      ),
    })
  );
}
