/* istanbul ignore file */
import { faker as fakerDefault } from '@faker-js/faker';

import { getModelWithStringMockFakerJs } from './ModelWithStringMockFakerJs';
import type { MockFakerJSGeneratorParams } from './typesMockFakerJs';

export const getDictionaryWithArrayMockFakerJs = (
  params?: MockFakerJSGeneratorParams
) => {
  const { faker = fakerDefault } = params ?? {};

  return {
    [faker.string.alpha({
      length: {
        min: 2,
        max: 10,
      },
    })]: faker.helpers.maybe(() =>
      faker.helpers.arrayElements([getModelWithStringMockFakerJs(params)])
    ),
  };
};
