/* istanbul ignore file */
import { faker as fakerDefault } from '@faker-js/faker';

import { EnumFromDescription } from '../../common/models';
import { abstractGenerateFn, createCallStack } from './helpersMockFakerJs';
import type {
  MockFakerJSGeneratorParams,
  MockFakerJSGeneratorParamsMode,
  ModelOrIdNullable,
} from './typesMockFakerJs';

export function getEnumFromDescriptionMockFakerJs<
  TMode extends 'standalone' = 'standalone'
>(params?: MockFakerJSGeneratorParams<TMode>): EnumFromDescription | null {
  const modelName = 'EnumFromDescription';

  const {
    faker = fakerDefault,
    fakerParams: { probability } = {},
    mode = 'standalone',
    callStack = createCallStack(),
  } = params ?? {};

  const callCount = callStack.entriesCallCount.get(modelName) ?? 0;
  if (callCount > 10) return null;

  const result: EnumFromDescription = faker.number.int();
  return result;
}
