/* istanbul ignore file */
import { faker as fakerDefault } from '@faker-js/faker';

import { EnumWithNumbers } from '../../common/models';
import { abstractGenerateFn, createCallStack } from './helpersMockFakerJs';
import type {
  MockFakerJSGeneratorParams,
  MockFakerJSGeneratorParamsMode,
  ModelOrIdNullable,
} from './typesMockFakerJs';

export function getEnumWithNumbersMockFakerJs<
  TMode extends 'standalone' = 'standalone',
>(params?: MockFakerJSGeneratorParams<TMode>): EnumWithNumbers | null {
  const modelName = 'EnumWithNumbers';

  const {
    faker = fakerDefault,
    fakerParams: { probability } = {},
    mode = 'standalone',
    callStack = createCallStack(),
  } = params ?? {};

  const callCount = callStack.entriesCallCount.get(modelName) ?? 0;
  if (callCount > 10) return null;

  const result: EnumWithNumbers = faker.helpers.enumValue(EnumWithNumbers);

  return result;
}
