/* istanbul ignore file */
import { faker as fakerDefault } from '@faker-js/faker';

import { EnumWithStrings } from '../../common/models';
import { abstractGenerateFn, createCallStack } from './helpersMockFakerJs';
import type {
  MockFakerJSGeneratorParams,
  MockFakerJSGeneratorParamsMode,
  ModelOrIdNullable,
} from './typesMockFakerJs';

export function getEnumWithStringsMockFakerJs<
  TMode extends 'standalone' = 'standalone'
>(params?: MockFakerJSGeneratorParams<TMode>): EnumWithStrings | null {
  const modelName = 'EnumWithStrings';

  const {
    faker = fakerDefault,
    fakerParams: { probability } = {},
    mode = 'standalone',
    callStack = createCallStack(),
  } = params ?? {};

  const callCount = callStack.entriesCallCount.get(modelName) ?? 0;
  if (callCount > 10) return null;

  const result: EnumWithStrings = faker.helpers.enumValue(EnumWithStrings);

  return result;
}
