/* istanbul ignore file */
import { faker as fakerDefault } from '@faker-js/faker';

import { EnumWithExtensions } from '../../common/models';
import type { MockFakerJSGeneratorParams } from './typesMockFakerJs';

export const getEnumWithExtensionsMockFakerJs = (
  params?: MockFakerJSGeneratorParams
) => {
  const { faker = fakerDefault } = params ?? {};

  return faker.helpers.enumValue(EnumWithExtensions);
};
