/* istanbul ignore file */
import { faker as fakerDefault } from '@faker-js/faker';

import { EnumWithExtensions } from '../../common/models';
import { abstractGenerateFn, createCallStack } from './helpersMockFakerJs';
import type {
  MockFakerJSGeneratorParams,
  MockFakerJSGeneratorParamsMode,
  ModelOrIdNullable,
} from './typesMockFakerJs';

export function getEnumWithExtensionsMockFakerJs<
  TMode extends 'standalone' = 'standalone'
>(params?: MockFakerJSGeneratorParams<TMode>): EnumWithExtensions | null {
  const modelName = 'EnumWithExtensions';

  const {
    faker = fakerDefault,
    fakerParams: { probability } = {},
    mode = 'standalone',
    callStack = createCallStack(),
  } = params ?? {};

  const callCount = callStack.entriesCallCount.get(modelName) ?? 0;
  if (callCount > 10) return null;

  const result: EnumWithExtensions =
    faker.helpers.enumValue(EnumWithExtensions);

  return result;
}
