export * from './helpersMockFakerJs';

export * from './ArrayWithArrayMockFakerJs';

export * from './ArrayWithBooleansMockFakerJs';

export * from './ArrayWithNumbersMockFakerJs';

export * from './ArrayWithPropertiesMockFakerJs';

export * from './ArrayWithReferencesMockFakerJs';

export * from './ArrayWithStringsMockFakerJs';

export * from './CommentWithBackticksMockFakerJs';

export * from './CommentWithBreaksMockFakerJs';

export * from './CommentWithExpressionPlaceholdersMockFakerJs';

export * from './CommentWithQuotesMockFakerJs';

export * from './CommentWithReservedCharactersMockFakerJs';

export * from './CommentWithSlashesMockFakerJs';

export * from './CompositionBaseModelMockFakerJs';

export * from './CompositionExtendedModelMockFakerJs';

export * from './CompositionWithAllOfAndNullableMockFakerJs';

export * from './CompositionWithAnyOfMockFakerJs';

export * from './CompositionWithAnyOfAndNullableMockFakerJs';

export * from './CompositionWithAnyOfAnonymousMockFakerJs';

export * from './CompositionWithOneOfMockFakerJs';

export * from './CompositionWithOneOfAndComplexArrayDictionaryMockFakerJs';

export * from './CompositionWithOneOfAndNullableMockFakerJs';

export * from './CompositionWithOneOfAndSimpleArrayDictionaryMockFakerJs';

export * from './CompositionWithOneOfAndSimpleDictionaryMockFakerJs';

export * from './CompositionWithOneOfAnonymousMockFakerJs';

export * from './CompositionWithOneOfDiscriminatorMockFakerJs';

export * from './DeprecatedModelMockFakerJs';

export * from './DictionaryWithArrayMockFakerJs';

export * from './DictionaryWithDictionaryMockFakerJs';

export * from './DictionaryWithPropertiesMockFakerJs';

export * from './DictionaryWithReferenceMockFakerJs';

export * from './DictionaryWithStringMockFakerJs';

export * from './EnumFromDescriptionMockFakerJs';

export * from './EnumWithExtensionsMockFakerJs';

export * from './EnumWithNumbersMockFakerJs';

export * from './EnumWithStringsMockFakerJs';

export * from './FileMockFakerJs';

export * from './FreeFormObjectWithAdditionalPropertiesEqEmptyObjectMockFakerJs';

export * from './FreeFormObjectWithAdditionalPropertiesEqTrueMockFakerJs';

export * from './FreeFormObjectWithoutAdditionalPropertiesMockFakerJs';

export * from './ModelCircleMockFakerJs';

export * from './ModelSquareMockFakerJs';

export * from './ModelThatExtendsMockFakerJs';

export * from './ModelThatExtendsExtendsMockFakerJs';

export * from './ModelWithArrayMockFakerJs';

export * from './ModelWithBooleanMockFakerJs';

export * from './ModelWithCircularReferenceMockFakerJs';

export * from './ModelWithDictionaryMockFakerJs';

export * from './ModelWithDuplicateImportsMockFakerJs';

export * from './ModelWithDuplicatePropertiesMockFakerJs';

export * from './ModelWithEnumMockFakerJs';

export * from './ModelWithEnumFromDescriptionMockFakerJs';

export * from './ModelWithIntegerMockFakerJs';

export * from './ModelWithNestedEnumsMockFakerJs';

export * from './ModelWithNestedPropertiesMockFakerJs';

export * from './ModelWithNullableStringMockFakerJs';

export * from './ModelWithOrderedPropertiesMockFakerJs';

export * from './ModelWithPatternMockFakerJs';

export * from './ModelWithPropertiesMockFakerJs';

export * from './ModelWithReferenceMockFakerJs';

export * from './ModelWithStringMockFakerJs';

export * from './PageableMockFakerJs';

export * from './SimpleBooleanMockFakerJs';

export * from './SimpleFileMockFakerJs';

export * from './SimpleIntegerMockFakerJs';

export * from './SimpleReferenceMockFakerJs';

export * from './SimpleStringMockFakerJs';

export * from './SimpleStringWithPatternMockFakerJs';

export * from './_defaultMockFakerJs';
