/* istanbul ignore file */
import { faker as fakerDefault } from '@faker-js/faker';

import { getModelWithPropertiesMockFakerJs } from './ModelWithPropertiesMockFakerJs';
import type { MockFakerJSGeneratorParams } from './typesMockFakerJs';

export const getModelWithReferenceMockFakerJs = (
  params: MockFakerJSGeneratorParams
) => {
  const { faker = fakerDefault } = params;

  return {
    prop: faker.helpers.maybe(() => getModelWithPropertiesMockFakerJs(params)),
  };
};
