/* istanbul ignore file */
import { faker as fakerDefault } from '@faker-js/faker';

import type { MockFakerJSGeneratorParams } from './typesMockFakerJs';

export const getModelWithBooleanMockFakerJs = (
  params: MockFakerJSGeneratorParams
) => {
  const { faker = fakerDefault } = params;

  return { prop: faker.helpers.maybe(() => faker.datatype.boolean()) };
};
