/* istanbul ignore file */
import { faker as fakerDefault } from '@faker-js/faker';

import { ModelCircle } from '../../common/models';
import { abstractGenerateFn, createCallStack } from './helpersMockFakerJs';
import type {
  MockFakerJSGeneratorParams,
  MockFakerJSGeneratorParamsMode,
  ModelOrIdNullable,
} from './typesMockFakerJs';

export function getModelCircleMockFakerJs<TMode extends 'withReferences'>(
  params?: MockFakerJSGeneratorParams<TMode>,
): ModelOrIdNullable<ModelCircle> | null;

export function getModelCircleMockFakerJs<TMode extends 'standalone'>(
  params?: MockFakerJSGeneratorParams<TMode>,
): ModelCircle | null;

export function getModelCircleMockFakerJs<TMode extends 'primaryKey'>(
  params?: MockFakerJSGeneratorParams<TMode>,
): number | null;

export function getModelCircleMockFakerJs<
  TMode extends MockFakerJSGeneratorParamsMode = 'withReferences',
>(
  params: MockFakerJSGeneratorParams<TMode> = {},
): ModelOrIdNullable<ModelCircle> | null {
  const modelName = 'ModelCircle';

  const { faker = fakerDefault, fakerParams: { probability } = {} } = params;

  return abstractGenerateFn<ModelCircle, TMode>(
    modelName,
    params,
    (callStack) => ({
      kind: 'circle' as const,
      radius: faker.helpers.maybe(() => faker.number.int(), {
        probability,
      }),
    }),
  );
}
