/* istanbul ignore file */
import { faker as fakerDefault } from '@faker-js/faker';

import { ModelWithEnum } from '../../common/models';
import { abstractGenerateFn, createCallStack } from './helpersMockFakerJs';
import type {
  MockFakerJSGeneratorParams,
  MockFakerJSGeneratorParamsMode,
  ModelOrIdNullable,
} from './typesMockFakerJs';

export function getModelWithEnumMockFakerJs<TMode extends 'withReferences'>(
  params?: MockFakerJSGeneratorParams<TMode>,
): ModelOrIdNullable<ModelWithEnum> | null;

export function getModelWithEnumMockFakerJs<TMode extends 'standalone'>(
  params?: MockFakerJSGeneratorParams<TMode>,
): ModelWithEnum | null;

export function getModelWithEnumMockFakerJs<TMode extends 'primaryKey'>(
  params?: MockFakerJSGeneratorParams<TMode>,
): number | null;

export function getModelWithEnumMockFakerJs<
  TMode extends MockFakerJSGeneratorParamsMode = 'withReferences',
>(
  params: MockFakerJSGeneratorParams<TMode> = {},
): ModelOrIdNullable<ModelWithEnum> | null {
  const modelName = 'ModelWithEnum';

  const { faker = fakerDefault, fakerParams: { probability } = {} } = params;

  return abstractGenerateFn<ModelWithEnum, TMode>(
    modelName,
    params,
    (callStack) => ({
      test: faker.helpers.maybe(
        () => faker.helpers.enumValue(ModelWithEnum.test),
        {
          probability,
        },
      ),
      statusCode: faker.helpers.maybe(
        () => faker.helpers.enumValue(ModelWithEnum.statusCode),
        {
          probability,
        },
      ),
      bool: faker.helpers.maybe(() => faker.datatype.boolean(), {
        probability,
      }),
    }),
  );
}
