/* istanbul ignore file */
import { faker as fakerDefault } from '@faker-js/faker';

import { ModelWithString } from '../../common/models';
import { abstractGenerateFn, createCallStack } from './helpersMockFakerJs';
import type {
  MockFakerJSGeneratorParams,
  MockFakerJSGeneratorParamsMode,
  ModelOrIdNullable,
} from './typesMockFakerJs';

export function getModelWithStringMockFakerJs<TMode extends 'withReferences'>(
  params?: MockFakerJSGeneratorParams<TMode>
): ModelOrIdNullable<ModelWithString> | null;

export function getModelWithStringMockFakerJs<TMode extends 'standalone'>(
  params?: MockFakerJSGeneratorParams<TMode>
): ModelWithString | null;

export function getModelWithStringMockFakerJs<TMode extends 'primaryKey'>(
  params?: MockFakerJSGeneratorParams<TMode>
): number | null;

export function getModelWithStringMockFakerJs<
  TMode extends MockFakerJSGeneratorParamsMode = 'withReferences'
>(
  params: MockFakerJSGeneratorParams<TMode> = {}
): ModelOrIdNullable<ModelWithString> | null {
  const modelName = 'ModelWithString';

  const { faker = fakerDefault, fakerParams: { probability } = {} } = params;

  return abstractGenerateFn<ModelWithString, TMode>(
    modelName,
    params,
    (callStack) => ({
      prop: faker.helpers.maybe(
        () => faker.string.alpha({ length: { min: 2, max: 10 } }),
        {
          probability,
        }
      ),
    })
  );
}
