/* istanbul ignore file */
import { faker as fakerDefault } from '@faker-js/faker';

import { ModelWithCircularReference } from '../../common/models';
import { abstractGenerateFn, createCallStack } from './helpersMockFakerJs';
import type {
  MockFakerJSGeneratorParams,
  MockFakerJSGeneratorParamsMode,
  ModelOrIdNullable,
} from './typesMockFakerJs';

export function getModelWithCircularReferenceMockFakerJs<
  TMode extends 'withReferences'
>(
  params?: MockFakerJSGeneratorParams<TMode>
):
  | ModelOrIdNullable<ModelWithCircularReference>
  | null
  | ModelWithCircularReference['id'];

export function getModelWithCircularReferenceMockFakerJs<
  TMode extends 'standalone'
>(
  params?: MockFakerJSGeneratorParams<TMode>
): ModelWithCircularReference | null;

export function getModelWithCircularReferenceMockFakerJs<
  TMode extends MockFakerJSGeneratorParamsMode = 'withReferences'
>(
  params: MockFakerJSGeneratorParams<TMode> = {}
):
  | ModelOrIdNullable<ModelWithCircularReference>
  | null
  | ModelWithCircularReference['id'] {
  const modelName = 'ModelWithCircularReference';

  const { faker = fakerDefault, fakerParams: { probability } = {} } = params;

  return abstractGenerateFn<ModelWithCircularReference, TMode>(
    modelName,
    params,
    (callStack) => ({
      prop: faker.helpers.maybe(
        () =>
          // eslint-disable-next-line @typescript-eslint/no-explicit-any
          getModelWithCircularReferenceMockFakerJs<any>({
            ...params,
            callStack: createCallStack(callStack, modelName, 'prop'),
          }),
        {
          probability,
        }
      ),
    })
  );
}
