/* istanbul ignore file */
import { faker as fakerDefault } from '@faker-js/faker';

import { ModelWithDictionary } from '../../common/models';
import { abstractGenerateFn, createCallStack } from './helpersMockFakerJs';
import type {
  MockFakerJSGeneratorParams,
  MockFakerJSGeneratorParamsMode,
  ModelOrIdNullable,
} from './typesMockFakerJs';

export function getModelWithDictionaryMockFakerJs<
  TMode extends 'withReferences'
>(
  params?: MockFakerJSGeneratorParams<TMode>
): ModelOrIdNullable<ModelWithDictionary> | null;

export function getModelWithDictionaryMockFakerJs<TMode extends 'standalone'>(
  params?: MockFakerJSGeneratorParams<TMode>
): ModelWithDictionary | null;

export function getModelWithDictionaryMockFakerJs<TMode extends 'primaryKey'>(
  params?: MockFakerJSGeneratorParams<TMode>
): number | null;

export function getModelWithDictionaryMockFakerJs<
  TMode extends MockFakerJSGeneratorParamsMode = 'withReferences'
>(
  params: MockFakerJSGeneratorParams<TMode> = {}
): ModelOrIdNullable<ModelWithDictionary> | null {
  const modelName = 'ModelWithDictionary';

  const { faker = fakerDefault, fakerParams: { probability } = {} } = params;

  return abstractGenerateFn<ModelWithDictionary, TMode>(
    modelName,
    params,
    (callStack) => ({
      prop: faker.helpers.maybe(
        () => ({
          [faker.string.alpha({
            length: {
              min: 2,
              max: 10,
            },
          })]: faker.helpers.maybe(
            () => faker.string.alpha({ length: { min: 2, max: 10 } }),
            {
              probability,
            }
          ),
        }),
        {
          probability,
        }
      ),
    })
  );
}
