/* istanbul ignore file */
import { faker as fakerDefault } from '@faker-js/faker';

import { Pageable } from '../../common/models';
import { abstractGenerateFn, createCallStack } from './helpersMockFakerJs';
import type {
  MockFakerJSGeneratorParams,
  MockFakerJSGeneratorParamsMode,
  ModelOrIdNullable,
} from './typesMockFakerJs';

export function getPageableMockFakerJs<TMode extends 'withReferences'>(
  params?: MockFakerJSGeneratorParams<TMode>
): ModelOrIdNullable<Pageable> | null;

export function getPageableMockFakerJs<TMode extends 'standalone'>(
  params?: MockFakerJSGeneratorParams<TMode>
): Pageable | null;

export function getPageableMockFakerJs<TMode extends 'primaryKey'>(
  params?: MockFakerJSGeneratorParams<TMode>
): number | null;

export function getPageableMockFakerJs<
  TMode extends MockFakerJSGeneratorParamsMode = 'withReferences'
>(
  params: MockFakerJSGeneratorParams<TMode> = {}
): ModelOrIdNullable<Pageable> | null {
  const modelName = 'Pageable';

  const { faker = fakerDefault, fakerParams: { probability } = {} } = params;

  return abstractGenerateFn<Pageable, TMode>(
    modelName,
    params,
    (callStack) => ({
      page: faker.helpers.maybe(() => faker.number.int(), {
        probability,
      }),
      size: faker.helpers.maybe(() => faker.number.int(), {
        probability,
      }),
      sort: faker.helpers.maybe(
        () =>
          faker.helpers.arrayElements([
            faker.string.alpha({ length: { min: 2, max: 10 } }),
          ]),
        {
          probability,
        }
      ),
    })
  );
}
