/* istanbul ignore file */
import { faker as fakerDefault } from '@faker-js/faker';

import { SimpleBoolean } from '../../common/models';
import { abstractGenerateFn, createCallStack } from './helpersMockFakerJs';
import type {
  MockFakerJSGeneratorParams,
  MockFakerJSGeneratorParamsMode,
  ModelOrIdNullable,
} from './typesMockFakerJs';

export function getSimpleBooleanMockFakerJs<
  TMode extends 'standalone' = 'standalone',
>(params?: MockFakerJSGeneratorParams<TMode>): SimpleBoolean | null {
  const modelName = 'SimpleBoolean';

  const {
    faker = fakerDefault,
    fakerParams: { probability } = {},
    mode = 'standalone',
    callStack = createCallStack(),
  } = params ?? {};

  const callCount = callStack.entriesCallCount.get(modelName) ?? 0;
  if (callCount > 10) return null;

  const result: SimpleBoolean = faker.datatype.boolean();
  return result;
}
