/* istanbul ignore file */
import { faker as fakerDefault } from '@faker-js/faker';

import { getModelWithStringMockFakerJs } from './ModelWithStringMockFakerJs';
import type { MockFakerJSGeneratorParams } from './typesMockFakerJs';

export const getSimpleReferenceMockFakerJs = (
  params?: MockFakerJSGeneratorParams
) => {
  const { faker = fakerDefault } = params ?? {};

  return getModelWithStringMockFakerJs(params);
};
