/* istanbul ignore file */

export type User = {
  id?: number;
  username?: string;
  firstName?: string;
  lastName?: string;
  email?: string;
  password?: string;
  phone?: string;
  /**
   * User Status
   */
  userStatus?: number;
};

export namespace User {
  export type NoPrimaryKey = Omit<User, 'uuid'>;
}
