export const allApiModelNames = [
  'ArrayWithArray',
  'ArrayWithBooleans',
  'ArrayWithNumbers',
  'ArrayWithProperties',
  'ArrayWithReferences',
  'ArrayWithStrings',
  'CommentWithBackticks',
  'CommentWithBreaks',
  'CommentWithExpressionPlaceholders',
  'CommentWithQuotes',
  'CommentWithReservedCharacters',
  'CommentWithSlashes',
  'CompositionBaseModel',
  'CompositionExtendedModel',
  'CompositionWithAllOfAndNullable',
  'CompositionWithAnyOf',
  'CompositionWithAnyOfAndNullable',
  'CompositionWithAnyOfAnonymous',
  'CompositionWithOneOf',
  'CompositionWithOneOfAndComplexArrayDictionary',
  'CompositionWithOneOfAndNullable',
  'CompositionWithOneOfAndSimpleArrayDictionary',
  'CompositionWithOneOfAndSimpleDictionary',
  'CompositionWithOneOfAnonymous',
  'CompositionWithOneOfDiscriminator',
  'DeprecatedModel',
  'DictionaryWithArray',
  'DictionaryWithDictionary',
  'DictionaryWithProperties',
  'DictionaryWithReference',
  'DictionaryWithString',
  'EnumFromDescription',
  'EnumWithExtensions',
  'EnumWithNumbers',
  'EnumWithStrings',
  'File',
  'FreeFormObjectWithAdditionalPropertiesEqEmptyObject',
  'FreeFormObjectWithAdditionalPropertiesEqTrue',
  'FreeFormObjectWithoutAdditionalProperties',
  'ModelCircle',
  'ModelSquare',
  'ModelThatExtends',
  'ModelThatExtendsExtends',
  'ModelWithArray',
  'ModelWithBoolean',
  'ModelWithCircularReference',
  'ModelWithDictionary',
  'ModelWithDuplicateImports',
  'ModelWithDuplicateProperties',
  'ModelWithEnum',
  'ModelWithEnumFromDescription',
  'ModelWithInteger',
  'ModelWithNestedEnums',
  'ModelWithNestedProperties',
  'ModelWithNullableString',
  'ModelWithOrderedProperties',
  'ModelWithPattern',
  'ModelWithProperties',
  'ModelWithReference',
  'ModelWithString',
  'Pageable',
  'SimpleBoolean',
  'SimpleFile',
  'SimpleInteger',
  'SimpleReference',
  'SimpleString',
  'SimpleStringWithPattern',
  '_default',
] as const;

export type AllApiModelNames = (typeof allApiModelNames)[number];
