export const apiEntityToPrimaryKeyMapping = {
  ArrayWithArray: 'id' as const,
  ArrayWithBooleans: 'id' as const,
  ArrayWithNumbers: 'id' as const,
  ArrayWithProperties: 'id' as const,
  ArrayWithReferences: 'id' as const,
  ArrayWithStrings: 'id' as const,
  CommentWithBackticks: 'id' as const,
  CommentWithBreaks: 'id' as const,
  CommentWithExpressionPlaceholders: 'id' as const,
  CommentWithQuotes: 'id' as const,
  CommentWithReservedCharacters: 'id' as const,
  CommentWithSlashes: 'id' as const,
  CompositionBaseModel: 'id' as const,
  CompositionExtendedModel: 'id' as const,
  CompositionWithAllOfAndNullable: 'id' as const,
  CompositionWithAnyOf: 'id' as const,
  CompositionWithAnyOfAndNullable: 'id' as const,
  CompositionWithAnyOfAnonymous: 'id' as const,
  CompositionWithOneOf: 'id' as const,
  CompositionWithOneOfAndComplexArrayDictionary: 'id' as const,
  CompositionWithOneOfAndNullable: 'id' as const,
  CompositionWithOneOfAndSimpleArrayDictionary: 'id' as const,
  CompositionWithOneOfAndSimpleDictionary: 'id' as const,
  CompositionWithOneOfAnonymous: 'id' as const,
  CompositionWithOneOfDiscriminator: 'id' as const,
  DeprecatedModel: 'id' as const,
  DictionaryWithArray: 'id' as const,
  DictionaryWithDictionary: 'id' as const,
  DictionaryWithProperties: 'id' as const,
  DictionaryWithReference: 'id' as const,
  DictionaryWithString: 'id' as const,
  EnumFromDescription: 'id' as const,
  EnumWithExtensions: 'id' as const,
  EnumWithNumbers: 'id' as const,
  EnumWithStrings: 'id' as const,
  File: 'id' as const,
  FreeFormObjectWithAdditionalPropertiesEqEmptyObject: 'id' as const,
  FreeFormObjectWithAdditionalPropertiesEqTrue: 'id' as const,
  FreeFormObjectWithoutAdditionalProperties: 'id' as const,
  ModelCircle: 'id' as const,
  ModelSquare: 'id' as const,
  ModelThatExtends: 'id' as const,
  ModelThatExtendsExtends: 'id' as const,
  ModelWithArray: 'id' as const,
  ModelWithBoolean: 'id' as const,
  ModelWithCircularReference: 'id' as const,
  ModelWithDictionary: 'id' as const,
  ModelWithDuplicateImports: 'id' as const,
  ModelWithDuplicateProperties: 'id' as const,
  ModelWithEnum: 'id' as const,
  ModelWithEnumFromDescription: 'id' as const,
  ModelWithInteger: 'id' as const,
  ModelWithNestedEnums: 'id' as const,
  ModelWithNestedProperties: 'id' as const,
  ModelWithNullableString: 'id' as const,
  ModelWithOrderedProperties: 'id' as const,
  ModelWithPattern: 'id' as const,
  ModelWithProperties: 'id' as const,
  ModelWithReference: 'id' as const,
  ModelWithString: 'id' as const,
  Pageable: 'id' as const,
  SimpleBoolean: 'id' as const,
  SimpleFile: 'id' as const,
  SimpleInteger: 'id' as const,
  SimpleReference: 'id' as const,
  SimpleString: 'id' as const,
  SimpleStringWithPattern: 'id' as const,
  _default: 'id' as const,
} as const;
