/* istanbul ignore file */
import type { ModelWithStringWithRefIdsOnly } from './ModelWithStringWithRefIdsOnly';

/**
 * This is a simple array with references
 */
export type ArrayWithReferencesWithRefIdsOnly =
  Array<ModelWithStringWithRefIdsOnly>;

export namespace ArrayWithReferencesWithRefIdsOnly {
  export type NoPrimaryKey = ArrayWithReferencesWithRefIdsOnly;
}
