/* istanbul ignore file */

/**
 * Testing backticks in string: `backticks` and ```multiple backticks``` should work
 */
export type CommentWithBackticksWithRefIdsOnly = number;

export namespace CommentWithBackticksWithRefIdsOnly {
  export type NoPrimaryKey = CommentWithBackticksWithRefIdsOnly;
}
