/* istanbul ignore file */

/**
 * Testing reserved characters in string: * inline * and ** inline ** should work
 */
export type CommentWithReservedCharactersWithRefIdsOnly = number;

export namespace CommentWithReservedCharactersWithRefIdsOnly {
  export type NoPrimaryKey = CommentWithReservedCharactersWithRefIdsOnly;
}
