/* istanbul ignore file */

/**
 * Testing expression placeholders in string: ${expression} should work
 */
export type CommentWithExpressionPlaceholdersWithRefIdsAllowed = number;

export namespace CommentWithExpressionPlaceholdersWithRefIdsAllowed {
  export type NoPrimaryKey = CommentWithExpressionPlaceholdersWithRefIdsAllowed;
}
