/* istanbul ignore file */
import type { ModelWithArrayWithRefIdsAllowed } from './ModelWithArrayWithRefIdsAllowed';
import type { ModelWithDictionaryWithRefIdsAllowed } from './ModelWithDictionaryWithRefIdsAllowed';
import type { ModelWithEnumWithRefIdsAllowed } from './ModelWithEnumWithRefIdsAllowed';
import type { ModelWithStringWithRefIdsAllowed } from './ModelWithStringWithRefIdsAllowed';

/**
 * This is a model with one property with a 'any of' relationship
 */
export type CompositionWithAnyOfWithRefIdsAllowed = {
  propA?:
    | ModelWithStringWithRefIdsAllowed
    | ModelWithEnumWithRefIdsAllowed
    | ModelWithArrayWithRefIdsAllowed
    | ModelWithDictionaryWithRefIdsAllowed;
};

export namespace CompositionWithAnyOfWithRefIdsAllowed {
  export type NoPrimaryKey = CompositionWithAnyOfWithRefIdsAllowed;
}
