/* istanbul ignore file */

/**
 * This is a model that contains a simple dictionary within composition
 */
export type CompositionWithOneOfAndSimpleDictionary = {
  propA?: boolean | Partial<Record<string, number>>;
};

export namespace CompositionWithOneOfAndSimpleDictionary {
  export type NoPrimaryKey = CompositionWithOneOfAndSimpleDictionary;
}
