/* istanbul ignore file */
import type { ModelWithArrayWithRefIdsAllowed } from './ModelWithArrayWithRefIdsAllowed';
import type { ModelWithDictionaryWithRefIdsAllowed } from './ModelWithDictionaryWithRefIdsAllowed';
import type { ModelWithEnumWithRefIdsAllowed } from './ModelWithEnumWithRefIdsAllowed';

/**
 * This is a model with one property with a 'any of' relationship
 */
export type CompositionWithAnyOfAndNullableWithRefIdsAllowed = {
  propA?:
    | (
        | {
            boolean?: boolean;
          }
        | ModelWithEnumWithRefIdsAllowed
        | ModelWithArrayWithRefIdsAllowed
        | ModelWithDictionaryWithRefIdsAllowed
      )
    | null;
};

export namespace CompositionWithAnyOfAndNullableWithRefIdsAllowed {
  export type NoPrimaryKey = CompositionWithAnyOfAndNullableWithRefIdsAllowed;
}
