/* istanbul ignore file */

/**
 * This is a model that contains a dictionary of complex arrays (composited) within composition
 */
export type CompositionWithOneOfAndComplexArrayDictionary = {
  propA?: boolean | Partial<Record<string, Array<number | string>>>;
};

export namespace CompositionWithOneOfAndComplexArrayDictionary {
  export type NoPrimaryKey = CompositionWithOneOfAndComplexArrayDictionary;
}
