/* istanbul ignore file */

/**
 * This is a base model with two simple optional properties
 */
export type CompositionBaseModelWithRefIdsAllowed = {
  firstName?: string;
  lastname?: string;
};

export namespace CompositionBaseModelWithRefIdsAllowed {
  export type NoPrimaryKey = CompositionBaseModelWithRefIdsAllowed;
}
