/* istanbul ignore file */

/**
 * This is a string dictionary
 */
export type DictionaryWithDictionaryWithRefIdsOnly = Partial<
  Record<string, Partial<Record<string, string>>>
>;

export namespace DictionaryWithDictionaryWithRefIdsOnly {
  export type NoPrimaryKey = DictionaryWithDictionaryWithRefIdsOnly;
}
