/* istanbul ignore file */

/**
 * This is a free-form object with additionalProperties: {}.
 */
export type FreeFormObjectWithAdditionalPropertiesEqEmptyObjectWithRefIdsOnly =
  Partial<Record<string, any>>;

export namespace FreeFormObjectWithAdditionalPropertiesEqEmptyObjectWithRefIdsOnly {
  export type NoPrimaryKey =
    FreeFormObjectWithAdditionalPropertiesEqEmptyObjectWithRefIdsOnly;
}
