/* istanbul ignore file */

/**
 * This is a free-form object without additionalProperties.
 */
export type FreeFormObjectWithoutAdditionalPropertiesWithRefIdsAllowed =
  Partial<Record<string, any>>;

export namespace FreeFormObjectWithoutAdditionalPropertiesWithRefIdsAllowed {
  export type NoPrimaryKey =
    FreeFormObjectWithoutAdditionalPropertiesWithRefIdsAllowed;
}
