/* istanbul ignore file */

/**
 * This is a free-form object with additionalProperties: {}.
 */
export type FreeFormObjectWithAdditionalPropertiesEqEmptyObject = Partial<
  Record<string, any>
>;

export namespace FreeFormObjectWithAdditionalPropertiesEqEmptyObject {
  export type NoPrimaryKey =
    FreeFormObjectWithAdditionalPropertiesEqEmptyObject;
}
