/* istanbul ignore file */

/**
 * This is a free-form object with additionalProperties: true.
 */
export type FreeFormObjectWithAdditionalPropertiesEqTrueWithRefIdsOnly =
  Partial<Record<string, any>>;

export namespace FreeFormObjectWithAdditionalPropertiesEqTrueWithRefIdsOnly {
  export type NoPrimaryKey =
    FreeFormObjectWithAdditionalPropertiesEqTrueWithRefIdsOnly;
}
