/* istanbul ignore file */

/**
 * This is a free-form object without additionalProperties.
 */
export type FreeFormObjectWithoutAdditionalProperties = Partial<
  Record<string, any>
>;

export namespace FreeFormObjectWithoutAdditionalProperties {
  export type NoPrimaryKey = FreeFormObjectWithoutAdditionalProperties;
}
