export * from './AllApiEntities';

export * from './AllApiModelNames';

export * from './AllApiModels';

export * from './apiEntityToPrimaryKeyMapping';

export * from './ArrayWithArrayWithRefIdsAllowed';

export * from './ArrayWithBooleansWithRefIdsAllowed';

export * from './ArrayWithNumbersWithRefIdsAllowed';

export * from './ArrayWithPropertiesWithRefIdsAllowed';

export * from './ArrayWithReferencesWithRefIdsAllowed';

export * from './ArrayWithStringsWithRefIdsAllowed';

export * from './CommentWithBackticksWithRefIdsAllowed';

export * from './CommentWithBreaksWithRefIdsAllowed';

export * from './CommentWithExpressionPlaceholdersWithRefIdsAllowed';

export * from './CommentWithQuotesWithRefIdsAllowed';

export * from './CommentWithReservedCharactersWithRefIdsAllowed';

export * from './CommentWithSlashesWithRefIdsAllowed';

export * from './CompositionBaseModelWithRefIdsAllowed';

export * from './CompositionExtendedModelWithRefIdsAllowed';

export * from './CompositionWithAllOfAndNullableWithRefIdsAllowed';

export * from './CompositionWithAnyOfWithRefIdsAllowed';

export * from './CompositionWithAnyOfAndNullableWithRefIdsAllowed';

export * from './CompositionWithAnyOfAnonymousWithRefIdsAllowed';

export * from './CompositionWithOneOfWithRefIdsAllowed';

export * from './CompositionWithOneOfAndComplexArrayDictionaryWithRefIdsAllowed';

export * from './CompositionWithOneOfAndNullableWithRefIdsAllowed';

export * from './CompositionWithOneOfAndSimpleArrayDictionaryWithRefIdsAllowed';

export * from './CompositionWithOneOfAndSimpleDictionaryWithRefIdsAllowed';

export * from './CompositionWithOneOfAnonymousWithRefIdsAllowed';

export * from './CompositionWithOneOfDiscriminatorWithRefIdsAllowed';

export * from './DeprecatedModelWithRefIdsAllowed';

export * from './DictionaryWithArrayWithRefIdsAllowed';

export * from './DictionaryWithDictionaryWithRefIdsAllowed';

export * from './DictionaryWithPropertiesWithRefIdsAllowed';

export * from './DictionaryWithReferenceWithRefIdsAllowed';

export * from './DictionaryWithStringWithRefIdsAllowed';

export * from './EnumFromDescriptionWithRefIdsAllowed';

export * from './EnumWithExtensionsWithRefIdsAllowed';

export * from './EnumWithNumbersWithRefIdsAllowed';

export * from './EnumWithStringsWithRefIdsAllowed';

export * from './FileWithRefIdsAllowed';

export * from './FreeFormObjectWithAdditionalPropertiesEqEmptyObjectWithRefIdsAllowed';

export * from './FreeFormObjectWithAdditionalPropertiesEqTrueWithRefIdsAllowed';

export * from './FreeFormObjectWithoutAdditionalPropertiesWithRefIdsAllowed';

export * from './ModelCircleWithRefIdsAllowed';

export * from './ModelSquareWithRefIdsAllowed';

export * from './ModelThatExtendsWithRefIdsAllowed';

export * from './ModelThatExtendsExtendsWithRefIdsAllowed';

export * from './ModelWithArrayWithRefIdsAllowed';

export * from './ModelWithBooleanWithRefIdsAllowed';

export * from './ModelWithCircularReferenceWithRefIdsAllowed';

export * from './ModelWithDictionaryWithRefIdsAllowed';

export * from './ModelWithDuplicateImportsWithRefIdsAllowed';

export * from './ModelWithDuplicatePropertiesWithRefIdsAllowed';

export * from './ModelWithEnumWithRefIdsAllowed';

export * from './ModelWithEnumFromDescriptionWithRefIdsAllowed';

export * from './ModelWithIntegerWithRefIdsAllowed';

export * from './ModelWithNestedEnumsWithRefIdsAllowed';

export * from './ModelWithNestedPropertiesWithRefIdsAllowed';

export * from './ModelWithNullableStringWithRefIdsAllowed';

export * from './ModelWithOrderedPropertiesWithRefIdsAllowed';

export * from './ModelWithPatternWithRefIdsAllowed';

export * from './ModelWithPropertiesWithRefIdsAllowed';

export * from './ModelWithReferenceWithRefIdsAllowed';

export * from './ModelWithStringWithRefIdsAllowed';

export * from './PageableWithRefIdsAllowed';

export * from './SimpleBooleanWithRefIdsAllowed';

export * from './SimpleFileWithRefIdsAllowed';

export * from './SimpleIntegerWithRefIdsAllowed';

export * from './SimpleReferenceWithRefIdsAllowed';

export * from './SimpleStringWithRefIdsAllowed';

export * from './SimpleStringWithPatternWithRefIdsAllowed';

export * from './_defaultWithRefIdsAllowed';

export * from './ArrayWithArrayWithRefIdsOnly';

export * from './ArrayWithBooleansWithRefIdsOnly';

export * from './ArrayWithNumbersWithRefIdsOnly';

export * from './ArrayWithPropertiesWithRefIdsOnly';

export * from './ArrayWithReferencesWithRefIdsOnly';

export * from './ArrayWithStringsWithRefIdsOnly';

export * from './CommentWithBackticksWithRefIdsOnly';

export * from './CommentWithBreaksWithRefIdsOnly';

export * from './CommentWithExpressionPlaceholdersWithRefIdsOnly';

export * from './CommentWithQuotesWithRefIdsOnly';

export * from './CommentWithReservedCharactersWithRefIdsOnly';

export * from './CommentWithSlashesWithRefIdsOnly';

export * from './CompositionBaseModelWithRefIdsOnly';

export * from './CompositionExtendedModelWithRefIdsOnly';

export * from './CompositionWithAllOfAndNullableWithRefIdsOnly';

export * from './CompositionWithAnyOfWithRefIdsOnly';

export * from './CompositionWithAnyOfAndNullableWithRefIdsOnly';

export * from './CompositionWithAnyOfAnonymousWithRefIdsOnly';

export * from './CompositionWithOneOfWithRefIdsOnly';

export * from './CompositionWithOneOfAndComplexArrayDictionaryWithRefIdsOnly';

export * from './CompositionWithOneOfAndNullableWithRefIdsOnly';

export * from './CompositionWithOneOfAndSimpleArrayDictionaryWithRefIdsOnly';

export * from './CompositionWithOneOfAndSimpleDictionaryWithRefIdsOnly';

export * from './CompositionWithOneOfAnonymousWithRefIdsOnly';

export * from './CompositionWithOneOfDiscriminatorWithRefIdsOnly';

export * from './DeprecatedModelWithRefIdsOnly';

export * from './DictionaryWithArrayWithRefIdsOnly';

export * from './DictionaryWithDictionaryWithRefIdsOnly';

export * from './DictionaryWithPropertiesWithRefIdsOnly';

export * from './DictionaryWithReferenceWithRefIdsOnly';

export * from './DictionaryWithStringWithRefIdsOnly';

export * from './EnumFromDescriptionWithRefIdsOnly';

export * from './EnumWithExtensionsWithRefIdsOnly';

export * from './EnumWithNumbersWithRefIdsOnly';

export * from './EnumWithStringsWithRefIdsOnly';

export * from './FileWithRefIdsOnly';

export * from './FreeFormObjectWithAdditionalPropertiesEqEmptyObjectWithRefIdsOnly';

export * from './FreeFormObjectWithAdditionalPropertiesEqTrueWithRefIdsOnly';

export * from './FreeFormObjectWithoutAdditionalPropertiesWithRefIdsOnly';

export * from './ModelCircleWithRefIdsOnly';

export * from './ModelSquareWithRefIdsOnly';

export * from './ModelThatExtendsWithRefIdsOnly';

export * from './ModelThatExtendsExtendsWithRefIdsOnly';

export * from './ModelWithArrayWithRefIdsOnly';

export * from './ModelWithBooleanWithRefIdsOnly';

export * from './ModelWithCircularReferenceWithRefIdsOnly';

export * from './ModelWithDictionaryWithRefIdsOnly';

export * from './ModelWithDuplicateImportsWithRefIdsOnly';

export * from './ModelWithDuplicatePropertiesWithRefIdsOnly';

export * from './ModelWithEnumWithRefIdsOnly';

export * from './ModelWithEnumFromDescriptionWithRefIdsOnly';

export * from './ModelWithIntegerWithRefIdsOnly';

export * from './ModelWithNestedEnumsWithRefIdsOnly';

export * from './ModelWithNestedPropertiesWithRefIdsOnly';

export * from './ModelWithNullableStringWithRefIdsOnly';

export * from './ModelWithOrderedPropertiesWithRefIdsOnly';

export * from './ModelWithPatternWithRefIdsOnly';

export * from './ModelWithPropertiesWithRefIdsOnly';

export * from './ModelWithReferenceWithRefIdsOnly';

export * from './ModelWithStringWithRefIdsOnly';

export * from './PageableWithRefIdsOnly';

export * from './SimpleBooleanWithRefIdsOnly';

export * from './SimpleFileWithRefIdsOnly';

export * from './SimpleIntegerWithRefIdsOnly';

export * from './SimpleReferenceWithRefIdsOnly';

export * from './SimpleStringWithRefIdsOnly';

export * from './SimpleStringWithPatternWithRefIdsOnly';

export * from './_defaultWithRefIdsOnly';

export * from './ArrayWithArray';

export * from './ArrayWithBooleans';

export * from './ArrayWithNumbers';

export * from './ArrayWithProperties';

export * from './ArrayWithReferences';

export * from './ArrayWithStrings';

export * from './CommentWithBackticks';

export * from './CommentWithBreaks';

export * from './CommentWithExpressionPlaceholders';

export * from './CommentWithQuotes';

export * from './CommentWithReservedCharacters';

export * from './CommentWithSlashes';

export * from './CompositionBaseModel';

export * from './CompositionExtendedModel';

export * from './CompositionWithAllOfAndNullable';

export * from './CompositionWithAnyOf';

export * from './CompositionWithAnyOfAndNullable';

export * from './CompositionWithAnyOfAnonymous';

export * from './CompositionWithOneOf';

export * from './CompositionWithOneOfAndComplexArrayDictionary';

export * from './CompositionWithOneOfAndNullable';

export * from './CompositionWithOneOfAndSimpleArrayDictionary';

export * from './CompositionWithOneOfAndSimpleDictionary';

export * from './CompositionWithOneOfAnonymous';

export * from './CompositionWithOneOfDiscriminator';

export * from './DeprecatedModel';

export * from './DictionaryWithArray';

export * from './DictionaryWithDictionary';

export * from './DictionaryWithProperties';

export * from './DictionaryWithReference';

export * from './DictionaryWithString';

export * from './EnumFromDescription';

export * from './EnumWithExtensions';

export * from './EnumWithNumbers';

export * from './EnumWithStrings';

export * from './File';

export * from './FreeFormObjectWithAdditionalPropertiesEqEmptyObject';

export * from './FreeFormObjectWithAdditionalPropertiesEqTrue';

export * from './FreeFormObjectWithoutAdditionalProperties';

export * from './ModelCircle';

export * from './ModelSquare';

export * from './ModelThatExtends';

export * from './ModelThatExtendsExtends';

export * from './ModelWithArray';

export * from './ModelWithBoolean';

export * from './ModelWithCircularReference';

export * from './ModelWithDictionary';

export * from './ModelWithDuplicateImports';

export * from './ModelWithDuplicateProperties';

export * from './ModelWithEnum';

export * from './ModelWithEnumFromDescription';

export * from './ModelWithInteger';

export * from './ModelWithNestedEnums';

export * from './ModelWithNestedProperties';

export * from './ModelWithNullableString';

export * from './ModelWithOrderedProperties';

export * from './ModelWithPattern';

export * from './ModelWithProperties';

export * from './ModelWithReference';

export * from './ModelWithString';

export * from './Pageable';

export * from './SimpleBoolean';

export * from './SimpleFile';

export * from './SimpleInteger';

export * from './SimpleReference';

export * from './SimpleString';

export * from './SimpleStringWithPattern';

export * from './_default';

export * from './CollectionFormatOperationsParams';

export * from './ComplexOperationsParams';

export * from './DefaultsOperationsParams';

export * from './DescriptionsOperationsParams';

export * from './DuplicateOperationsParams';

export * from './ErrorOperationsParams';

export * from './FormDataOperationsParams';

export * from './HeaderOperationsParams';

export * from './MultipartOperationsParams';

export * from './MultipleTags1OperationsParams';

export * from './MultipleTags2OperationsParams';

export * from './MultipleTags3OperationsParams';

export * from './NoContentOperationsParams';

export * from './CommonOperationsParams';

export * from './ParametersOperationsParams';

export * from './DeprecatedOperationsParams';

export * from './RequestBodyOperationsParams';

export * from './ResponseOperationsParams';

export * from './SimpleOperationsParams';

export * from './TypesOperationsParams';

export * from './UploadOperationsParams';

export * from './CollectionFormatResponses';

export * from './ComplexResponses';

export * from './DefaultsResponses';

export * from './DescriptionsResponses';

export * from './DuplicateResponses';

export * from './ErrorResponses';

export * from './FormDataResponses';

export * from './HeaderResponses';

export * from './MultipartResponses';

export * from './MultipleTags1Responses';

export * from './MultipleTags2Responses';

export * from './MultipleTags3Responses';

export * from './NoContentResponses';

export * from './CommonResponses';

export * from './ParametersResponses';

export * from './DeprecatedResponses';

export * from './RequestBodyResponses';

export * from './ResponseResponses';

export * from './SimpleResponses';

export * from './TypesResponses';

export * from './UploadResponses';
