export * from './AllApiEntities';

export * from './AllApiModels';

export * from './apiEntityToPrimaryKeyMapping';

export * from './ArrayWithArray';

export * from './ArrayWithBooleans';

export * from './ArrayWithNumbers';

export * from './ArrayWithProperties';

export * from './ArrayWithReferences';

export * from './ArrayWithStrings';

export * from './CommentWithBackticks';

export * from './CommentWithBreaks';

export * from './CommentWithExpressionPlaceholders';

export * from './CommentWithQuotes';

export * from './CommentWithReservedCharacters';

export * from './CommentWithSlashes';

export * from './CompositionBaseModel';

export * from './CompositionExtendedModel';

export * from './CompositionWithAllOfAndNullable';

export * from './CompositionWithAnyOf';

export * from './CompositionWithAnyOfAndNullable';

export * from './CompositionWithAnyOfAnonymous';

export * from './CompositionWithOneOf';

export * from './CompositionWithOneOfAndComplexArrayDictionary';

export * from './CompositionWithOneOfAndNullable';

export * from './CompositionWithOneOfAndSimpleArrayDictionary';

export * from './CompositionWithOneOfAndSimpleDictionary';

export * from './CompositionWithOneOfAnonymous';

export * from './CompositionWithOneOfDiscriminator';

export * from './DeprecatedModel';

export * from './DictionaryWithArray';

export * from './DictionaryWithDictionary';

export * from './DictionaryWithProperties';

export * from './DictionaryWithReference';

export * from './DictionaryWithString';

export * from './EnumFromDescription';

export * from './EnumWithExtensions';

export * from './EnumWithNumbers';

export * from './EnumWithStrings';

export * from './File';

export * from './FreeFormObjectWithAdditionalPropertiesEqEmptyObject';

export * from './FreeFormObjectWithAdditionalPropertiesEqTrue';

export * from './FreeFormObjectWithoutAdditionalProperties';

export * from './ModelCircle';

export * from './ModelSquare';

export * from './ModelThatExtends';

export * from './ModelThatExtendsExtends';

export * from './ModelWithArray';

export * from './ModelWithBoolean';

export * from './ModelWithCircularReference';

export * from './ModelWithDictionary';

export * from './ModelWithDuplicateImports';

export * from './ModelWithDuplicateProperties';

export * from './ModelWithEnum';

export * from './ModelWithEnumFromDescription';

export * from './ModelWithInteger';

export * from './ModelWithNestedEnums';

export * from './ModelWithNestedProperties';

export * from './ModelWithNullableString';

export * from './ModelWithOrderedProperties';

export * from './ModelWithPattern';

export * from './ModelWithProperties';

export * from './ModelWithReference';

export * from './ModelWithString';

export * from './Pageable';

export * from './SimpleBoolean';

export * from './SimpleFile';

export * from './SimpleInteger';

export * from './SimpleReference';

export * from './SimpleString';

export * from './SimpleStringWithPattern';

export * from './_default';
