/* istanbul ignore file */
import type { ModelWithStringWithRefIdsAllowed } from './ModelWithStringWithRefIdsAllowed';

/**
 * This is a model with duplicated properties
 */
export type ModelWithDuplicatePropertiesWithRefIdsAllowed = {
  prop?: ModelWithStringWithRefIdsAllowed | number | string;
};

export namespace ModelWithDuplicatePropertiesWithRefIdsAllowed {
  export type NoPrimaryKey = ModelWithDuplicatePropertiesWithRefIdsAllowed;
}
