/* istanbul ignore file */
import type { ModelWithString } from './ModelWithString';

/**
 * This is a model with duplicated properties
 */
export type ModelWithDuplicateProperties = {
  prop?: ModelWithString;
};

export namespace ModelWithDuplicateProperties {
  export type NoPrimaryKey = ModelWithDuplicateProperties;
}
