/* istanbul ignore file */
import type { ModelWithStringWithRefIdsOnly } from './ModelWithStringWithRefIdsOnly';

/**
 * This is a model with duplicated imports
 */
export type ModelWithDuplicateImportsWithRefIdsOnly = {
  propA?: number | string;
  propB?: number | string;
  propC?: number | string;
};

export namespace ModelWithDuplicateImportsWithRefIdsOnly {
  export type NoPrimaryKey = ModelWithDuplicateImportsWithRefIdsOnly;
}
