/* istanbul ignore file */
import type { ModelWithStringWithRefIdsAllowed } from './ModelWithStringWithRefIdsAllowed';

/**
 * This is a model with duplicated imports
 */
export type ModelWithDuplicateImportsWithRefIdsAllowed = {
  propA?: ModelWithStringWithRefIdsAllowed | number | string;
  propB?: ModelWithStringWithRefIdsAllowed | number | string;
  propC?: ModelWithStringWithRefIdsAllowed | number | string;
};

export namespace ModelWithDuplicateImportsWithRefIdsAllowed {
  export type NoPrimaryKey = ModelWithDuplicateImportsWithRefIdsAllowed;
}
