/* istanbul ignore file */
import type { ModelWithString } from './ModelWithString';

/**
 * This is a model with duplicated imports
 */
export type ModelWithDuplicateImports = {
  propA?: ModelWithString;
  propB?: ModelWithString;
  propC?: ModelWithString;
};

export namespace ModelWithDuplicateImports {
  export type NoPrimaryKey = ModelWithDuplicateImports;
}
