/* istanbul ignore file */
import type { ModelWithStringWithRefIdsOnly } from './ModelWithStringWithRefIdsOnly';

/**
 * This is a model that extends another model
 */
export type ModelThatExtendsWithRefIdsOnly = ModelWithStringWithRefIdsOnly & {
  propExtendsA?: string;
  propExtendsB?: number | string;
};

export namespace ModelThatExtendsWithRefIdsOnly {
  export type NoPrimaryKey = ModelThatExtendsWithRefIdsOnly;
}
