/* istanbul ignore file */
import type { ModelWithStringWithRefIdsOnly } from './ModelWithStringWithRefIdsOnly';

/**
 * This is a model with duplicated properties
 */
export type ModelWithDuplicatePropertiesWithRefIdsOnly = {
  prop?: number | string;
};

export namespace ModelWithDuplicatePropertiesWithRefIdsOnly {
  export type NoPrimaryKey = ModelWithDuplicatePropertiesWithRefIdsOnly;
}
