/* istanbul ignore file */

/**
 * This is a model with one property containing a dictionary
 */
export type ModelWithDictionaryWithRefIdsOnly = {
  prop?: Partial<Record<string, string>>;
};

export namespace ModelWithDictionaryWithRefIdsOnly {
  export type NoPrimaryKey = ModelWithDictionaryWithRefIdsOnly;
}
