/* istanbul ignore file */
import type { ModelWithStringWithRefIdsAllowed } from './ModelWithStringWithRefIdsAllowed';

/**
 * This is a model that extends another model
 */
export type ModelThatExtendsWithRefIdsAllowed =
  ModelWithStringWithRefIdsAllowed & {
    propExtendsA?: string;
    propExtendsB?: ModelWithStringWithRefIdsAllowed | number | string;
  };

export namespace ModelThatExtendsWithRefIdsAllowed {
  export type NoPrimaryKey = ModelThatExtendsWithRefIdsAllowed;
}
