/* istanbul ignore file */
import type { ModelWithStringWithRefIdsAllowed } from './ModelWithStringWithRefIdsAllowed';

/**
 * This is a model with one nested property
 */
export type ModelWithPropertiesWithRefIdsAllowed = {
  required: string;
  readonly requiredAndReadOnly: string;
  requiredAndNullable: string | null;
  string?: string;
  number?: number;
  boolean?: boolean;
  reference?: ModelWithStringWithRefIdsAllowed | number | string;
  'property with space'?: string;
  default?: string;
  try?: string;
  readonly '@namespace.string'?: string;
  readonly '@namespace.integer'?: number;
};

export namespace ModelWithPropertiesWithRefIdsAllowed {
  export type NoPrimaryKey = ModelWithPropertiesWithRefIdsAllowed;
}
