/* istanbul ignore file */
import { faker as fakerDefault } from '@faker-js/faker';

import { ApiResponse } from '../../common/models';
import { abstractGenerateFn, createCallStack } from './helpersMockFakerJs';
import type {
  MockFakerJSGeneratorParams,
  MockFakerJSGeneratorParamsMode,
  ModelOrIdNullable,
} from './typesMockFakerJs';

export function getApiResponseMockFakerJs<TMode extends 'withReferences'>(
  params?: MockFakerJSGeneratorParams<TMode>
): ModelOrIdNullable<ApiResponse> | null | ApiResponse['id'];

export function getApiResponseMockFakerJs<TMode extends 'standalone'>(
  params?: MockFakerJSGeneratorParams<TMode>
): ApiResponse | null;

export function getApiResponseMockFakerJs<
  TMode extends MockFakerJSGeneratorParamsMode = 'withReferences'
>(
  params: MockFakerJSGeneratorParams<TMode> = {}
): ModelOrIdNullable<ApiResponse> | null | ApiResponse['id'] {
  const modelName = 'ApiResponse';

  const { faker = fakerDefault, fakerParams: { probability } = {} } = params;

  return abstractGenerateFn<ApiResponse, TMode>(
    modelName,
    params,
    (callStack) => ({
      code: faker.helpers.maybe(() => faker.number.int(), {
        probability,
      }),
      type: faker.helpers.maybe(
        () => faker.string.alpha({ length: { min: 2, max: 10 } }),
        {
          probability,
        }
      ),
      message: faker.helpers.maybe(
        () => faker.string.alpha({ length: { min: 2, max: 10 } }),
        {
          probability,
        }
      ),
    })
  );
}
