/* istanbul ignore file */
import { faker as fakerDefault } from '@faker-js/faker';

import { Tag } from '../../common/models';
import { abstractGenerateFn, createCallStack } from './helpersMockFakerJs';
import type {
  MockFakerJSGeneratorParams,
  MockFakerJSGeneratorParamsMode,
  ModelOrIdNullable,
} from './typesMockFakerJs';

export function getTagMockFakerJs<TMode extends 'withReferences'>(
  params?: MockFakerJSGeneratorParams<TMode>
): ModelOrIdNullable<Tag> | null | Tag['id'];

export function getTagMockFakerJs<TMode extends 'standalone'>(
  params?: MockFakerJSGeneratorParams<TMode>
): Tag | null;

export function getTagMockFakerJs<TMode extends 'primaryKey'>(
  params?: MockFakerJSGeneratorParams<TMode>
): number | null;

export function getTagMockFakerJs<
  TMode extends MockFakerJSGeneratorParamsMode = 'withReferences'
>(
  params: MockFakerJSGeneratorParams<TMode> = {}
): ModelOrIdNullable<Tag> | null | Tag['id'] {
  const modelName = 'Tag';

  const { faker = fakerDefault, fakerParams: { probability } = {} } = params;

  return abstractGenerateFn<Tag, TMode>(modelName, params, (callStack) => ({
    id: faker.helpers.maybe(() => faker.string.uid(), {
      probability,
    }),
    name: faker.helpers.maybe(() => faker.string.alpha(10), {
      probability,
    }),
  }));
}
