/* istanbul ignore file */
import { z } from 'zod';

import { ModelWithStringSchemaZod } from './ModelWithStringSchemaZod';

export const ArrayWithArraySchemaZod = z.array(
  z.array(ModelWithStringSchemaZod.optional().nullable()),
);
export const ArrayWithArraySchemaZodNoPrimaryKey = ArrayWithArraySchemaZod;
