/* istanbul ignore file */
import { z } from 'zod';

import { ModelWithStringSchemaZod } from './ModelWithStringSchemaZod';

export const ArrayWithReferencesSchemaZod = z.array(
  ModelWithStringSchemaZod.optional().nullable(),
);
export const ArrayWithReferencesSchemaZodNoPrimaryKey =
  ArrayWithReferencesSchemaZod;
