/* istanbul ignore file */
import { z } from 'zod';

import { ModelWithArraySchemaZod } from './ModelWithArraySchemaZod';
import { ModelWithDictionarySchemaZod } from './ModelWithDictionarySchemaZod';
import { ModelWithEnumSchemaZod } from './ModelWithEnumSchemaZod';
import { ModelWithStringSchemaZod } from './ModelWithStringSchemaZod';

export const CompositionWithAnyOfSchemaZod = z
  .object({
    propA: z
      .union([
        ModelWithStringSchemaZod.optional().nullable(),
        ModelWithEnumSchemaZod.optional().nullable(),
        ModelWithArraySchemaZod.optional().nullable(),
        ModelWithDictionarySchemaZod.optional().nullable(),
      ])
      .optional(),
  })
  .describe(
    `Model:CompositionWithAnyOf---This is a model with one property with a 'any of' relationship`
  );
export const CompositionWithAnyOfSchemaZodNoPrimaryKey =
  CompositionWithAnyOfSchemaZod;
