/* istanbul ignore file */
import { z } from 'zod';

import { ModelCircleSchemaZod } from './ModelCircleSchemaZod';
import { ModelSquareSchemaZod } from './ModelSquareSchemaZod';

export const CompositionWithOneOfDiscriminatorSchemaZod = z.union([
  ModelCircleSchemaZod.optional().nullable(),
  ModelSquareSchemaZod.optional().nullable(),
]);
export const CompositionWithOneOfDiscriminatorSchemaZodNoPrimaryKey =
  CompositionWithOneOfDiscriminatorSchemaZod;
