/* istanbul ignore file */
import { z } from 'zod';

import { CompositionBaseModelWithRefIdsOnlySchemaZod } from './CompositionBaseModelWithRefIdsOnlySchemaZod';

export const CompositionExtendedModelWithRefIdsOnlySchemaZod = z.intersection([
  CompositionBaseModelSchemaZod.optional().nullable(),
  z.object({
    firstName: z.coerce.string(),
    lastname: z.coerce.string(),
    age: z.coerce.number(),
  }),
]);
export const CompositionExtendedModelWithRefIdsOnlySchemaZodNoPrimaryKey =
  CompositionExtendedModelWithRefIdsOnlySchemaZod;
