/* istanbul ignore file */
import { z } from 'zod';

import { ModelWithArrayWithRefIdsAllowedSchemaZod } from './ModelWithArrayWithRefIdsAllowedSchemaZod';
import { ModelWithDictionaryWithRefIdsAllowedSchemaZod } from './ModelWithDictionaryWithRefIdsAllowedSchemaZod';
import { ModelWithEnumWithRefIdsAllowedSchemaZod } from './ModelWithEnumWithRefIdsAllowedSchemaZod';

export const CompositionWithAllOfAndNullableWithRefIdsAllowedSchemaZod = z
  .object({
    propA: z
      .intersection([
        z.object({
          boolean: z.boolean().optional(),
        }),
        ModelWithEnumSchemaZod.optional().nullable(),
        ModelWithArraySchemaZod.optional().nullable(),
        ModelWithDictionarySchemaZod.optional().nullable(),
      ])
      .nullable(),
  })
  .describe(
    `Model:CompositionWithAllOfAndNullable---This is a model with one property with a 'all of' relationship`
  );
export const CompositionWithAllOfAndNullableWithRefIdsAllowedSchemaZodNoPrimaryKey =
  CompositionWithAllOfAndNullableWithRefIdsAllowedSchemaZod;
