/* istanbul ignore file */
import { z } from 'zod';

import { ModelCircleWithRefIdsOnlySchemaZod } from './ModelCircleWithRefIdsOnlySchemaZod';
import { ModelSquareWithRefIdsOnlySchemaZod } from './ModelSquareWithRefIdsOnlySchemaZod';

export const CompositionWithOneOfDiscriminatorWithRefIdsOnlySchemaZod = z
  .string()
  .or(z.number())
  .optional()
  .nullable();
export const CompositionWithOneOfDiscriminatorWithRefIdsOnlySchemaZodNoPrimaryKey =
  CompositionWithOneOfDiscriminatorWithRefIdsOnlySchemaZod;
