/* istanbul ignore file */
import { z } from 'zod';

import { ModelWithArrayWithRefIdsOnlySchemaZod } from './ModelWithArrayWithRefIdsOnlySchemaZod';
import { ModelWithDictionaryWithRefIdsOnlySchemaZod } from './ModelWithDictionaryWithRefIdsOnlySchemaZod';
import { ModelWithEnumWithRefIdsOnlySchemaZod } from './ModelWithEnumWithRefIdsOnlySchemaZod';
import { ModelWithStringWithRefIdsOnlySchemaZod } from './ModelWithStringWithRefIdsOnlySchemaZod';

export const CompositionWithOneOfWithRefIdsOnlySchemaZod = z
  .object({
    propA: z.string().or(z.number()).optional().nullable().optional(),
  })
  .describe(
    `Model:CompositionWithOneOf---This is a model with one property with a 'one of' relationship`,
  );
export const CompositionWithOneOfWithRefIdsOnlySchemaZodNoPrimaryKey =
  CompositionWithOneOfWithRefIdsOnlySchemaZod;
