/* istanbul ignore file */
import { z } from 'zod';

import { ModelWithArraySchemaZod } from './ModelWithArraySchemaZod';
import { ModelWithDictionarySchemaZod } from './ModelWithDictionarySchemaZod';
import { ModelWithEnumSchemaZod } from './ModelWithEnumSchemaZod';

export const CompositionWithAnyOfAndNullableSchemaZod = z
  .object({
    propA: z
      .union([
        z.object({
          boolean: z.boolean().optional(),
        }),
        ModelWithEnumSchemaZod.optional().nullable(),
        ModelWithArraySchemaZod.optional().nullable(),
        ModelWithDictionarySchemaZod.optional().nullable(),
      ])
      .nullable()
      .optional(),
  })
  .describe(
    `Model:CompositionWithAnyOfAndNullable---This is a model with one property with a 'any of' relationship`,
  );
export const CompositionWithAnyOfAndNullableSchemaZodNoPrimaryKey =
  CompositionWithAnyOfAndNullableSchemaZod;
