/* istanbul ignore file */
import { z } from 'zod';

import { ModelWithArrayWithRefIdsAllowedSchemaZod } from './ModelWithArrayWithRefIdsAllowedSchemaZod';
import { ModelWithDictionaryWithRefIdsAllowedSchemaZod } from './ModelWithDictionaryWithRefIdsAllowedSchemaZod';
import { ModelWithEnumWithRefIdsAllowedSchemaZod } from './ModelWithEnumWithRefIdsAllowedSchemaZod';

export const CompositionWithOneOfAndNullableWithRefIdsAllowedSchemaZod = z
  .object({
    propA: z
      .union([
        z.object({
          boolean: z.boolean().optional(),
        }),
        ModelWithEnumSchemaZod.optional().nullable(),
        ModelWithArraySchemaZod.optional().nullable(),
        ModelWithDictionarySchemaZod.optional().nullable(),
      ])
      .nullable()
      .optional(),
  })
  .describe(
    `Model:CompositionWithOneOfAndNullable---This is a model with one property with a 'one of' relationship`
  );
export const CompositionWithOneOfAndNullableWithRefIdsAllowedSchemaZodNoPrimaryKey =
  CompositionWithOneOfAndNullableWithRefIdsAllowedSchemaZod;
