/* istanbul ignore file */
import { z } from 'zod';

import { ModelCircleWithRefIdsOnlySchemaZod } from './ModelCircleWithRefIdsOnlySchemaZod';
import { ModelSquareWithRefIdsOnlySchemaZod } from './ModelSquareWithRefIdsOnlySchemaZod';

export const CompositionWithOneOfDiscriminatorWithRefIdsOnlySchemaZod = z.union(
  [
    ModelCircleSchemaZod.optional().nullable(),
    ModelSquareSchemaZod.optional().nullable(),
  ],
);
export const CompositionWithOneOfDiscriminatorWithRefIdsOnlySchemaZodNoPrimaryKey =
  CompositionWithOneOfDiscriminatorWithRefIdsOnlySchemaZod;
