/* istanbul ignore file */
import { z } from 'zod';

import { ModelWithArrayWithRefIdsOnlySchemaZod } from './ModelWithArrayWithRefIdsOnlySchemaZod';
import { ModelWithDictionaryWithRefIdsOnlySchemaZod } from './ModelWithDictionaryWithRefIdsOnlySchemaZod';
import { ModelWithEnumWithRefIdsOnlySchemaZod } from './ModelWithEnumWithRefIdsOnlySchemaZod';
import { ModelWithStringWithRefIdsOnlySchemaZod } from './ModelWithStringWithRefIdsOnlySchemaZod';

export const CompositionWithAnyOfWithRefIdsOnlySchemaZod = z
  .object({
    propA: z.string().or(z.number()).optional().nullable().optional(),
  })
  .describe(
    `Model:CompositionWithAnyOf---This is a model with one property with a 'any of' relationship`,
  );
export const CompositionWithAnyOfWithRefIdsOnlySchemaZodNoPrimaryKey =
  CompositionWithAnyOfWithRefIdsOnlySchemaZod;
