/* istanbul ignore file */
import { z } from 'zod';

import { ModelWithArraySchemaZod } from './ModelWithArraySchemaZod';
import { ModelWithDictionarySchemaZod } from './ModelWithDictionarySchemaZod';
import { ModelWithEnumSchemaZod } from './ModelWithEnumSchemaZod';

export const CompositionWithAllOfAndNullableSchemaZod = z
  .object({
    propA: z
      .intersection([
        z.object({
          boolean: z.boolean().optional(),
        }),
        ModelWithEnumSchemaZod.optional().nullable(),
        ModelWithArraySchemaZod.optional().nullable(),
        ModelWithDictionarySchemaZod.optional().nullable(),
      ])
      .nullable(),
  })
  .describe(
    `Model:CompositionWithAllOfAndNullable---This is a model with one property with a 'all of' relationship`,
  );
export const CompositionWithAllOfAndNullableSchemaZodNoPrimaryKey =
  CompositionWithAllOfAndNullableSchemaZod;
