/* istanbul ignore file */
import { z } from 'zod';

import { ModelCircleWithRefIdsAllowedSchemaZod } from './ModelCircleWithRefIdsAllowedSchemaZod';
import { ModelSquareWithRefIdsAllowedSchemaZod } from './ModelSquareWithRefIdsAllowedSchemaZod';

export const CompositionWithOneOfDiscriminatorWithRefIdsAllowedSchemaZod =
  z.union([
    ModelCircleWithRefIdsAllowedSchemaZod.or(z.string())
      .or(z.number())
      .optional()
      .nullable(),
    ModelSquareWithRefIdsAllowedSchemaZod.or(z.string())
      .or(z.number())
      .optional()
      .nullable(),
  ]);
export const CompositionWithOneOfDiscriminatorWithRefIdsAllowedSchemaZodNoPrimaryKey =
  CompositionWithOneOfDiscriminatorWithRefIdsAllowedSchemaZod;
