/* istanbul ignore file */
import { z } from 'zod';

export const CompositionWithOneOfAndSimpleArrayDictionarySchemaZod = z
  .object({
    propA: z
      .union([z.boolean(), z.record(z.string(), z.array(z.boolean()))])
      .optional(),
  })
  .describe(
    `Model:CompositionWithOneOfAndSimpleArrayDictionary---This is a model that contains a dictionary of simple arrays within composition`
  );
export const CompositionWithOneOfAndSimpleArrayDictionarySchemaZodNoPrimaryKey =
  CompositionWithOneOfAndSimpleArrayDictionarySchemaZod;
