/* istanbul ignore file */
import { z } from 'zod';

import { ModelWithArrayWithRefIdsAllowedSchemaZod } from './ModelWithArrayWithRefIdsAllowedSchemaZod';
import { ModelWithDictionaryWithRefIdsAllowedSchemaZod } from './ModelWithDictionaryWithRefIdsAllowedSchemaZod';
import { ModelWithEnumWithRefIdsAllowedSchemaZod } from './ModelWithEnumWithRefIdsAllowedSchemaZod';
import { ModelWithStringWithRefIdsAllowedSchemaZod } from './ModelWithStringWithRefIdsAllowedSchemaZod';

export const CompositionWithOneOfWithRefIdsAllowedSchemaZod = z
  .object({
    propA: z
      .union([
        ModelWithStringWithRefIdsAllowedSchemaZod.or(z.string())
          .or(z.number())
          .optional()
          .nullable(),
        ModelWithEnumWithRefIdsAllowedSchemaZod.or(z.string())
          .or(z.number())
          .optional()
          .nullable(),
        ModelWithArrayWithRefIdsAllowedSchemaZod.or(z.string())
          .or(z.number())
          .optional()
          .nullable(),
        ModelWithDictionaryWithRefIdsAllowedSchemaZod.or(z.string())
          .or(z.number())
          .optional()
          .nullable(),
      ])
      .optional(),
  })
  .describe(
    `Model:CompositionWithOneOf---This is a model with one property with a 'one of' relationship`,
  );
export const CompositionWithOneOfWithRefIdsAllowedSchemaZodNoPrimaryKey =
  CompositionWithOneOfWithRefIdsAllowedSchemaZod;
