/* istanbul ignore file */
import { z } from 'zod';

export const DictionaryWithDictionaryWithRefIdsOnlySchemaZod = z.record(
  z.string(),
  z.record(z.string(), z.string())
);
export const DictionaryWithDictionaryWithRefIdsOnlySchemaZodNoPrimaryKey =
  DictionaryWithDictionaryWithRefIdsOnlySchemaZod;
