import {
  ArrayWithArraySchemaZod,
  ArrayWithBooleansSchemaZod,
  ArrayWithNumbersSchemaZod,
  ArrayWithPropertiesSchemaZod,
  ArrayWithReferencesSchemaZod,
  ArrayWithStringsSchemaZod,
  CommentWithBackticksSchemaZod,
  CommentWithBreaksSchemaZod,
  CommentWithExpressionPlaceholdersSchemaZod,
  CommentWithQuotesSchemaZod,
  CommentWithReservedCharactersSchemaZod,
  CommentWithSlashesSchemaZod,
  CompositionBaseModelSchemaZod,
  CompositionExtendedModelSchemaZod,
  CompositionWithAllOfAndNullableSchemaZod,
  CompositionWithAnyOfAndNullableSchemaZod,
  CompositionWithAnyOfAnonymousSchemaZod,
  CompositionWithAnyOfSchemaZod,
  CompositionWithOneOfAndComplexArrayDictionarySchemaZod,
  CompositionWithOneOfAndNullableSchemaZod,
  CompositionWithOneOfAndSimpleArrayDictionarySchemaZod,
  CompositionWithOneOfAndSimpleDictionarySchemaZod,
  CompositionWithOneOfAnonymousSchemaZod,
  CompositionWithOneOfDiscriminatorSchemaZod,
  CompositionWithOneOfSchemaZod,
  DeprecatedModelSchemaZod,
  DictionaryWithArraySchemaZod,
  DictionaryWithDictionarySchemaZod,
  DictionaryWithPropertiesSchemaZod,
  DictionaryWithReferenceSchemaZod,
  DictionaryWithStringSchemaZod,
  EnumFromDescriptionSchemaZod,
  EnumWithExtensionsSchemaZod,
  EnumWithNumbersSchemaZod,
  EnumWithStringsSchemaZod,
  FileSchemaZod,
  FreeFormObjectWithAdditionalPropertiesEqEmptyObjectSchemaZod,
  FreeFormObjectWithAdditionalPropertiesEqTrueSchemaZod,
  FreeFormObjectWithoutAdditionalPropertiesSchemaZod,
  ModelCircleSchemaZod,
  ModelSquareSchemaZod,
  ModelThatExtendsExtendsSchemaZod,
  ModelThatExtendsSchemaZod,
  ModelWithArraySchemaZod,
  ModelWithBooleanSchemaZod,
  ModelWithCircularReferenceSchemaZod,
  ModelWithDictionarySchemaZod,
  ModelWithDuplicateImportsSchemaZod,
  ModelWithDuplicatePropertiesSchemaZod,
  ModelWithEnumFromDescriptionSchemaZod,
  ModelWithEnumSchemaZod,
  ModelWithIntegerSchemaZod,
  ModelWithNestedEnumsSchemaZod,
  ModelWithNestedPropertiesSchemaZod,
  ModelWithNullableStringSchemaZod,
  ModelWithOrderedPropertiesSchemaZod,
  ModelWithPatternSchemaZod,
  ModelWithPropertiesSchemaZod,
  ModelWithReferenceSchemaZod,
  ModelWithStringSchemaZod,
  PageableSchemaZod,
  SimpleBooleanSchemaZod,
  SimpleFileSchemaZod,
  SimpleIntegerSchemaZod,
  SimpleReferenceSchemaZod,
  SimpleStringSchemaZod,
  SimpleStringWithPatternSchemaZod,
  _defaultSchemaZod,
} from './';

export const entityNameToSchemaZod = {
  ArrayWithArray: ArrayWithArraySchemaZod,
  ArrayWithBooleans: ArrayWithBooleansSchemaZod,
  ArrayWithNumbers: ArrayWithNumbersSchemaZod,
  ArrayWithProperties: ArrayWithPropertiesSchemaZod,
  ArrayWithReferences: ArrayWithReferencesSchemaZod,
  ArrayWithStrings: ArrayWithStringsSchemaZod,
  CommentWithBackticks: CommentWithBackticksSchemaZod,
  CommentWithBreaks: CommentWithBreaksSchemaZod,
  CommentWithExpressionPlaceholders: CommentWithExpressionPlaceholdersSchemaZod,
  CommentWithQuotes: CommentWithQuotesSchemaZod,
  CommentWithReservedCharacters: CommentWithReservedCharactersSchemaZod,
  CommentWithSlashes: CommentWithSlashesSchemaZod,
  CompositionBaseModel: CompositionBaseModelSchemaZod,
  CompositionExtendedModel: CompositionExtendedModelSchemaZod,
  CompositionWithAllOfAndNullable: CompositionWithAllOfAndNullableSchemaZod,
  CompositionWithAnyOf: CompositionWithAnyOfSchemaZod,
  CompositionWithAnyOfAndNullable: CompositionWithAnyOfAndNullableSchemaZod,
  CompositionWithAnyOfAnonymous: CompositionWithAnyOfAnonymousSchemaZod,
  CompositionWithOneOf: CompositionWithOneOfSchemaZod,
  CompositionWithOneOfAndComplexArrayDictionary:
    CompositionWithOneOfAndComplexArrayDictionarySchemaZod,
  CompositionWithOneOfAndNullable: CompositionWithOneOfAndNullableSchemaZod,
  CompositionWithOneOfAndSimpleArrayDictionary:
    CompositionWithOneOfAndSimpleArrayDictionarySchemaZod,
  CompositionWithOneOfAndSimpleDictionary:
    CompositionWithOneOfAndSimpleDictionarySchemaZod,
  CompositionWithOneOfAnonymous: CompositionWithOneOfAnonymousSchemaZod,
  CompositionWithOneOfDiscriminator: CompositionWithOneOfDiscriminatorSchemaZod,
  DeprecatedModel: DeprecatedModelSchemaZod,
  DictionaryWithArray: DictionaryWithArraySchemaZod,
  DictionaryWithDictionary: DictionaryWithDictionarySchemaZod,
  DictionaryWithProperties: DictionaryWithPropertiesSchemaZod,
  DictionaryWithReference: DictionaryWithReferenceSchemaZod,
  DictionaryWithString: DictionaryWithStringSchemaZod,
  EnumFromDescription: EnumFromDescriptionSchemaZod,
  EnumWithExtensions: EnumWithExtensionsSchemaZod,
  EnumWithNumbers: EnumWithNumbersSchemaZod,
  EnumWithStrings: EnumWithStringsSchemaZod,
  File: FileSchemaZod,
  FreeFormObjectWithAdditionalPropertiesEqEmptyObject:
    FreeFormObjectWithAdditionalPropertiesEqEmptyObjectSchemaZod,
  FreeFormObjectWithAdditionalPropertiesEqTrue:
    FreeFormObjectWithAdditionalPropertiesEqTrueSchemaZod,
  FreeFormObjectWithoutAdditionalProperties:
    FreeFormObjectWithoutAdditionalPropertiesSchemaZod,
  ModelCircle: ModelCircleSchemaZod,
  ModelSquare: ModelSquareSchemaZod,
  ModelThatExtends: ModelThatExtendsSchemaZod,
  ModelThatExtendsExtends: ModelThatExtendsExtendsSchemaZod,
  ModelWithArray: ModelWithArraySchemaZod,
  ModelWithBoolean: ModelWithBooleanSchemaZod,
  ModelWithCircularReference: ModelWithCircularReferenceSchemaZod,
  ModelWithDictionary: ModelWithDictionarySchemaZod,
  ModelWithDuplicateImports: ModelWithDuplicateImportsSchemaZod,
  ModelWithDuplicateProperties: ModelWithDuplicatePropertiesSchemaZod,
  ModelWithEnum: ModelWithEnumSchemaZod,
  ModelWithEnumFromDescription: ModelWithEnumFromDescriptionSchemaZod,
  ModelWithInteger: ModelWithIntegerSchemaZod,
  ModelWithNestedEnums: ModelWithNestedEnumsSchemaZod,
  ModelWithNestedProperties: ModelWithNestedPropertiesSchemaZod,
  ModelWithNullableString: ModelWithNullableStringSchemaZod,
  ModelWithOrderedProperties: ModelWithOrderedPropertiesSchemaZod,
  ModelWithPattern: ModelWithPatternSchemaZod,
  ModelWithProperties: ModelWithPropertiesSchemaZod,
  ModelWithReference: ModelWithReferenceSchemaZod,
  ModelWithString: ModelWithStringSchemaZod,
  Pageable: PageableSchemaZod,
  SimpleBoolean: SimpleBooleanSchemaZod,
  SimpleFile: SimpleFileSchemaZod,
  SimpleInteger: SimpleIntegerSchemaZod,
  SimpleReference: SimpleReferenceSchemaZod,
  SimpleString: SimpleStringSchemaZod,
  SimpleStringWithPattern: SimpleStringWithPatternSchemaZod,
  _default: _defaultSchemaZod,
};
