/* istanbul ignore file */
import { z } from 'zod';

import { EnumWithStrings } from '../../common/models';

export const EnumWithStringsWithRefIdsAllowedSchemaZod =
  z.nativeEnum(EnumWithStrings);
export const EnumWithStringsWithRefIdsAllowedSchemaZodNoPrimaryKey =
  EnumWithStringsWithRefIdsAllowedSchemaZod;
