/* istanbul ignore file */
import { z } from 'zod';

import { EnumWithExtensions } from '../../common/models';

export const EnumWithExtensionsWithRefIdsAllowedSchemaZod =
  z.nativeEnum(EnumWithExtensions);
export const EnumWithExtensionsWithRefIdsAllowedSchemaZodNoPrimaryKey =
  EnumWithExtensionsWithRefIdsAllowedSchemaZod;
