/* istanbul ignore file */
import { z } from 'zod';

import { EnumWithNumbers } from '../../common/models';

export const EnumWithNumbersWithRefIdsOnlySchemaZod =
  z.nativeEnum(EnumWithNumbers);
export const EnumWithNumbersWithRefIdsOnlySchemaZodNoPrimaryKey =
  EnumWithNumbersWithRefIdsOnlySchemaZod;
