/* istanbul ignore file */
import { z } from 'zod';

import { EnumWithStrings } from '../../common/models';

export const EnumWithStringsWithRefIdsOnlySchemaZod =
  z.nativeEnum(EnumWithStrings);
export const EnumWithStringsWithRefIdsOnlySchemaZodNoPrimaryKey =
  EnumWithStringsWithRefIdsOnlySchemaZod;
