/* istanbul ignore file */
import { z } from 'zod';

export const FreeFormObjectWithAdditionalPropertiesEqEmptyObjectSchemaZod =
  z.record(z.string(), z.any());
export const FreeFormObjectWithAdditionalPropertiesEqEmptyObjectSchemaZodNoPrimaryKey =
  FreeFormObjectWithAdditionalPropertiesEqEmptyObjectSchemaZod;
