/* istanbul ignore file */
import { z } from 'zod';

export const FreeFormObjectWithAdditionalPropertiesEqEmptyObjectWithRefIdsOnlySchemaZod =
  z.record(z.string(), z.any());
export const FreeFormObjectWithAdditionalPropertiesEqEmptyObjectWithRefIdsOnlySchemaZodNoPrimaryKey =
  FreeFormObjectWithAdditionalPropertiesEqEmptyObjectWithRefIdsOnlySchemaZod;
