/* istanbul ignore file */
import { z } from 'zod';

export const FreeFormObjectWithoutAdditionalPropertiesWithRefIdsAllowedSchemaZod =
  z.record(z.string(), z.any());
export const FreeFormObjectWithoutAdditionalPropertiesWithRefIdsAllowedSchemaZodNoPrimaryKey =
  FreeFormObjectWithoutAdditionalPropertiesWithRefIdsAllowedSchemaZod;
