export * from './entityNameToSchemaZod';

export * from './ArrayWithArraySchemaZod';

export * from './ArrayWithBooleansSchemaZod';

export * from './ArrayWithNumbersSchemaZod';

export * from './ArrayWithPropertiesSchemaZod';

export * from './ArrayWithReferencesSchemaZod';

export * from './ArrayWithStringsSchemaZod';

export * from './CommentWithBackticksSchemaZod';

export * from './CommentWithBreaksSchemaZod';

export * from './CommentWithExpressionPlaceholdersSchemaZod';

export * from './CommentWithQuotesSchemaZod';

export * from './CommentWithReservedCharactersSchemaZod';

export * from './CommentWithSlashesSchemaZod';

export * from './CompositionBaseModelSchemaZod';

export * from './CompositionExtendedModelSchemaZod';

export * from './CompositionWithAllOfAndNullableSchemaZod';

export * from './CompositionWithAnyOfSchemaZod';

export * from './CompositionWithAnyOfAndNullableSchemaZod';

export * from './CompositionWithAnyOfAnonymousSchemaZod';

export * from './CompositionWithOneOfSchemaZod';

export * from './CompositionWithOneOfAndComplexArrayDictionarySchemaZod';

export * from './CompositionWithOneOfAndNullableSchemaZod';

export * from './CompositionWithOneOfAndSimpleArrayDictionarySchemaZod';

export * from './CompositionWithOneOfAndSimpleDictionarySchemaZod';

export * from './CompositionWithOneOfAnonymousSchemaZod';

export * from './CompositionWithOneOfDiscriminatorSchemaZod';

export * from './DeprecatedModelSchemaZod';

export * from './DictionaryWithArraySchemaZod';

export * from './DictionaryWithDictionarySchemaZod';

export * from './DictionaryWithPropertiesSchemaZod';

export * from './DictionaryWithReferenceSchemaZod';

export * from './DictionaryWithStringSchemaZod';

export * from './EnumFromDescriptionSchemaZod';

export * from './EnumWithExtensionsSchemaZod';

export * from './EnumWithNumbersSchemaZod';

export * from './EnumWithStringsSchemaZod';

export * from './FileSchemaZod';

export * from './FreeFormObjectWithAdditionalPropertiesEqEmptyObjectSchemaZod';

export * from './FreeFormObjectWithAdditionalPropertiesEqTrueSchemaZod';

export * from './FreeFormObjectWithoutAdditionalPropertiesSchemaZod';

export * from './ModelCircleSchemaZod';

export * from './ModelSquareSchemaZod';

export * from './ModelThatExtendsSchemaZod';

export * from './ModelThatExtendsExtendsSchemaZod';

export * from './ModelWithArraySchemaZod';

export * from './ModelWithBooleanSchemaZod';

export * from './ModelWithCircularReferenceSchemaZod';

export * from './ModelWithDictionarySchemaZod';

export * from './ModelWithDuplicateImportsSchemaZod';

export * from './ModelWithDuplicatePropertiesSchemaZod';

export * from './ModelWithEnumSchemaZod';

export * from './ModelWithEnumFromDescriptionSchemaZod';

export * from './ModelWithIntegerSchemaZod';

export * from './ModelWithNestedEnumsSchemaZod';

export * from './ModelWithNestedPropertiesSchemaZod';

export * from './ModelWithNullableStringSchemaZod';

export * from './ModelWithOrderedPropertiesSchemaZod';

export * from './ModelWithPatternSchemaZod';

export * from './ModelWithPropertiesSchemaZod';

export * from './ModelWithReferenceSchemaZod';

export * from './ModelWithStringSchemaZod';

export * from './PageableSchemaZod';

export * from './SimpleBooleanSchemaZod';

export * from './SimpleFileSchemaZod';

export * from './SimpleIntegerSchemaZod';

export * from './SimpleReferenceSchemaZod';

export * from './SimpleStringSchemaZod';

export * from './SimpleStringWithPatternSchemaZod';

export * from './_defaultSchemaZod';
