/* istanbul ignore file */
import { z } from 'zod';

import { ModelWithPropertiesSchemaZod } from './ModelWithPropertiesSchemaZod';

export const ModelWithReferenceSchemaZod = z
  .object({
    prop: ModelWithPropertiesSchemaZod.optional().nullable(),
  })
  .describe(
    `Model:ModelWithReference---This is a model with one property containing a reference`
  );
export const ModelWithReferenceSchemaZodNoPrimaryKey =
  ModelWithReferenceSchemaZod;
