/* istanbul ignore file */
import { z } from 'zod';

export const ModelWithCircularReferenceSchemaZod = z
  .object({
    prop: ModelWithCircularReferenceSchemaZod.optional().nullable(),
  })
  .describe(
    `Model:ModelWithCircularReference---This is a model with one property containing a circular reference`,
  );
export const ModelWithCircularReferenceSchemaZodNoPrimaryKey =
  ModelWithCircularReferenceSchemaZod;
