/* istanbul ignore file */
import { z } from 'zod';

export const ModelCircleWithRefIdsAllowedSchemaZod = z
  .object({
    kind: z.literal('circle'),
    radius: z.number().optional(),
  })
  .describe(`Model:ModelCircle---Circle`);
export const ModelCircleWithRefIdsAllowedSchemaZodNoPrimaryKey =
  ModelCircleWithRefIdsAllowedSchemaZod;
