/* istanbul ignore file */
import { z } from 'zod';

export const ModelWithIntegerWithRefIdsOnlySchemaZod = z
  .object({
    prop: z.number().optional(),
  })
  .describe(
    `Model:ModelWithInteger---This is a model with one number property`
  );
export const ModelWithIntegerWithRefIdsOnlySchemaZodNoPrimaryKey =
  ModelWithIntegerWithRefIdsOnlySchemaZod;
