/* istanbul ignore file */
import { z } from 'zod';

export const ModelWithCircularReferenceWithRefIdsOnlySchemaZod = z
  .object({
    prop: z.string().or(z.number()).optional().nullable(),
  })
  .describe(
    `Model:ModelWithCircularReference---This is a model with one property containing a circular reference`
  );
export const ModelWithCircularReferenceWithRefIdsOnlySchemaZodNoPrimaryKey =
  ModelWithCircularReferenceWithRefIdsOnlySchemaZod;
