/* istanbul ignore file */
import { z } from 'zod';

import { ModelWithStringSchemaZod } from './ModelWithStringSchemaZod';

export const ModelWithPropertiesSchemaZod = z
  .object({
    required: z.coerce.string(),
    requiredAndReadOnly: z.coerce.string().readonly(),
    requiredAndNullable: z.string().nullable(),
    string: z.string().optional(),
    number: z.number().optional(),
    boolean: z.boolean().optional(),
    reference: ModelWithStringSchemaZod.optional().nullable(),
    'property with space': z.string().optional(),
    default: z.string().optional(),
    try: z.string().optional(),
    '@namespace.string': z.string().optional().readonly(),
    '@namespace.integer': z.number().optional().readonly(),
  })
  .describe(
    `Model:ModelWithProperties---This is a model with one nested property`
  );
export const ModelWithPropertiesSchemaZodNoPrimaryKey =
  ModelWithPropertiesSchemaZod;
