/* istanbul ignore file */
import { z } from 'zod';

import { ModelWithStringSchemaZod } from './ModelWithStringSchemaZod';

export const ModelWithDuplicateImportsSchemaZod = z
  .object({
    propA: ModelWithStringSchemaZod,
    propB: ModelWithStringSchemaZod,
    propC: ModelWithStringSchemaZod,
  })
  .describe(
    `Model:ModelWithDuplicateImports---This is a model with duplicated imports`
  );
