/* istanbul ignore file */
import { z } from 'zod';

import { ModelWithStringWithRefIdsOnlySchemaZod } from './ModelWithStringWithRefIdsOnlySchemaZod';

export const ModelThatExtendsWithRefIdsOnlySchemaZod = z.intersection([
  z.string().or(z.number()).optional().nullable(),
  z.object({
    propExtendsA: z.string().optional(),
    propExtendsB: z.string().or(z.number()).optional().nullable(),
  }),
]);
export const ModelThatExtendsWithRefIdsOnlySchemaZodNoPrimaryKey =
  ModelThatExtendsWithRefIdsOnlySchemaZod;
