/* istanbul ignore file */
import { z } from 'zod';

import { ModelThatExtendsWithRefIdsOnlySchemaZod } from './ModelThatExtendsWithRefIdsOnlySchemaZod';
import { ModelWithStringWithRefIdsOnlySchemaZod } from './ModelWithStringWithRefIdsOnlySchemaZod';

export const ModelThatExtendsExtendsWithRefIdsOnlySchemaZod = z.intersection([
  z.string().or(z.number()).optional().nullable(),
  z.object({
    propExtendsC: z.string().optional(),
    propExtendsD: z.string().or(z.number()).optional().nullable(),
  }),
]);
export const ModelThatExtendsExtendsWithRefIdsOnlySchemaZodNoPrimaryKey =
  ModelThatExtendsExtendsWithRefIdsOnlySchemaZod;
