/* istanbul ignore file */
import { z } from 'zod';

import { ModelThatExtendsSchemaZod } from './ModelThatExtendsSchemaZod';
import { ModelWithStringSchemaZod } from './ModelWithStringSchemaZod';

export const ModelThatExtendsExtendsSchemaZod = z.intersection([
  ModelWithStringSchemaZod.optional().nullable(),
  ModelThatExtendsSchemaZod.optional().nullable(),
  z.object({
    propExtendsC: z.string().optional(),
    propExtendsD: ModelWithStringSchemaZod.optional().nullable(),
  }),
]);
export const ModelThatExtendsExtendsSchemaZodNoPrimaryKey =
  ModelThatExtendsExtendsSchemaZod;
