/* istanbul ignore file */
import { z } from 'zod';

export const ModelWithDictionaryWithRefIdsOnlySchemaZod = z
  .object({
    prop: z.record(z.string(), z.string()).optional(),
  })
  .describe(
    `Model:ModelWithDictionary---This is a model with one property containing a dictionary`,
  );
export const ModelWithDictionaryWithRefIdsOnlySchemaZodNoPrimaryKey =
  ModelWithDictionaryWithRefIdsOnlySchemaZod;
