/* istanbul ignore file */
import { z } from 'zod';

export const ModelWithEnumFromDescriptionSchemaZod = z
  .object({
    test: z.number().optional(),
  })
  .describe(
    `Model:ModelWithEnumFromDescription---This is a model with one enum`,
  );
export const ModelWithEnumFromDescriptionSchemaZodNoPrimaryKey =
  ModelWithEnumFromDescriptionSchemaZod;
