/* istanbul ignore file */
import { z } from 'zod';

export const PageableWithRefIdsOnlySchemaZod = z
  .object({
    page: z.number().optional(),
    size: z.number().min(1).optional(),
    sort: z.array(z.string()).optional(),
  })
  .describe(`Model:Pageable`);
export const PageableWithRefIdsOnlySchemaZodNoPrimaryKey =
  PageableWithRefIdsOnlySchemaZod;
