/* istanbul ignore file */
import { z } from 'zod';

export const SimpleStringWithPatternWithRefIdsOnlySchemaZod = z
  .string()
  .max(64)
  .regex(/^[a-zA-Z0-9_]*$/)
  .nullable();
export const SimpleStringWithPatternWithRefIdsOnlySchemaZodNoPrimaryKey =
  SimpleStringWithPatternWithRefIdsOnlySchemaZod;
